Component: ARM Compiler 6.13.1 Tool: armlink [5d895400]

==============================================================================

Section Cross References

    main.o(.text.LED1_TASK) refers to tasks.o(.text.vTaskDelay) for vTaskDelay
    main.o(.ARM.exidx.text.LED1_TASK) refers to main.o(.text.LED1_TASK) for [Anonymous Symbol]
    main.o(.text.LED2_TASK) refers to tasks.o(.text.vTaskDelay) for vTaskDelay
    main.o(.ARM.exidx.text.LED2_TASK) refers to main.o(.text.LED2_TASK) for [Anonymous Symbol]
    main.o(.text.LED3_TASK) refers to tasks.o(.text.vTaskDelay) for vTaskDelay
    main.o(.ARM.exidx.text.LED3_TASK) refers to main.o(.text.LED3_TASK) for [Anonymous Symbol]
    main.o(.text.main) refers to tasks.o(.text.vTaskStartScheduler) for vTaskStartScheduler
    main.o(.text.main) refers to main.o(.bss..L_MergedGlobals) for [Anonymous Symbol]
    main.o(.text.main) refers to main.o(.text.LED1_TASK) for LED1_TASK
    main.o(.text.main) refers to tasks.o(.text.xTaskCreate) for xTaskCreate
    main.o(.text.main) refers to main.o(.text.LED2_TASK) for LED2_TASK
    main.o(.text.main) refers to main.o(.text.LED3_TASK) for LED3_TASK
    main.o(.ARM.exidx.text.main) refers to main.o(.text.main) for [Anonymous Symbol]
    clib_arm.o(.ARM.exidx.text._platform_post_stackheap_init) refers to clib_arm.o(.text._platform_post_stackheap_init) for [Anonymous Symbol]
    clib_arm.o(.text.__user_perthread_libspace) refers to clib_arm.o(.text.os_kernel_is_active) for os_kernel_is_active
    clib_arm.o(.text.__user_perthread_libspace) refers to tasks.o(.text.xTaskGetCurrentTaskHandle) for xTaskGetCurrentTaskHandle
    clib_arm.o(.text.__user_perthread_libspace) refers to clib_arm.o(.bss.os_libspace) for [Anonymous Symbol]
    clib_arm.o(.text.__user_perthread_libspace) refers to clib_arm.o(.bss.os_libspace_id) for [Anonymous Symbol]
    clib_arm.o(.ARM.exidx.text.__user_perthread_libspace) refers to clib_arm.o(.text.__user_perthread_libspace) for [Anonymous Symbol]
    clib_arm.o(.text.os_kernel_is_active) refers to tasks.o(.text.xTaskGetSchedulerState) for xTaskGetSchedulerState
    clib_arm.o(.ARM.exidx.text.os_kernel_is_active) refers to clib_arm.o(.text.os_kernel_is_active) for [Anonymous Symbol]
    clib_arm.o(.text._mutex_initialize) refers to clib_arm.o(.text.os_kernel_is_active) for os_kernel_is_active
    clib_arm.o(.text._mutex_initialize) refers to queue.o(.text.xQueueCreateMutex) for xQueueCreateMutex
    clib_arm.o(.text._mutex_initialize) refers to queue.o(.text.xQueueCreateMutexStatic) for xQueueCreateMutexStatic
    clib_arm.o(.text._mutex_initialize) refers to clib_arm.o(.bss.clib_mutex_cb) for [Anonymous Symbol]
    clib_arm.o(.text._mutex_initialize) refers to clib_arm.o(.bss.clib_mutex_id) for [Anonymous Symbol]
    clib_arm.o(.ARM.exidx.text._mutex_initialize) refers to clib_arm.o(.text._mutex_initialize) for [Anonymous Symbol]
    clib_arm.o(.text._mutex_acquire) refers to clib_arm.o(.text.os_kernel_is_active) for os_kernel_is_active
    clib_arm.o(.text._mutex_acquire) refers to queue.o(.text.xQueueSemaphoreTake) for xQueueSemaphoreTake
    clib_arm.o(.ARM.exidx.text._mutex_acquire) refers to clib_arm.o(.text._mutex_acquire) for [Anonymous Symbol]
    clib_arm.o(.text._mutex_release) refers to clib_arm.o(.text.os_kernel_is_active) for os_kernel_is_active
    clib_arm.o(.text._mutex_release) refers to queue.o(.text.xQueueGenericSend) for xQueueGenericSend
    clib_arm.o(.ARM.exidx.text._mutex_release) refers to clib_arm.o(.text._mutex_release) for [Anonymous Symbol]
    clib_arm.o(.text._mutex_free) refers to queue.o(.text.vQueueDelete) for vQueueDelete
    clib_arm.o(.text._mutex_free) refers to clib_arm.o(.bss.clib_mutex_id) for [Anonymous Symbol]
    clib_arm.o(.ARM.exidx.text._mutex_free) refers to clib_arm.o(.text._mutex_free) for [Anonymous Symbol]
    cmsis_os2.o(.text.SysTick_Handler) refers to tasks.o(.text.xTaskGetSchedulerState) for xTaskGetSchedulerState
    cmsis_os2.o(.text.SysTick_Handler) refers to port.o(.text.xPortSysTickHandler) for xPortSysTickHandler
    cmsis_os2.o(.ARM.exidx.text.SysTick_Handler) refers to cmsis_os2.o(.text.SysTick_Handler) for [Anonymous Symbol]
    cmsis_os2.o(.text.osKernelInitialize) refers to cmsis_os2.o(.text.IRQ_Context) for IRQ_Context
    cmsis_os2.o(.text.osKernelInitialize) refers to tasks.o(.text.xTaskGetSchedulerState) for xTaskGetSchedulerState
    cmsis_os2.o(.text.osKernelInitialize) refers to cmsis_os2.o(.bss.KernelState) for [Anonymous Symbol]
    cmsis_os2.o(.ARM.exidx.text.osKernelInitialize) refers to cmsis_os2.o(.text.osKernelInitialize) for [Anonymous Symbol]
    cmsis_os2.o(.text.IRQ_Context) refers to tasks.o(.text.xTaskGetSchedulerState) for xTaskGetSchedulerState
    cmsis_os2.o(.ARM.exidx.text.IRQ_Context) refers to cmsis_os2.o(.text.IRQ_Context) for [Anonymous Symbol]
    cmsis_os2.o(.text.osKernelGetInfo) refers to rt_memcpy_v6.o(.text) for __aeabi_memcpy
[...]
    Removing timers.o(.ARM.exidx.text.prvSampleTimeNow), (8 bytes).
    Removing timers.o(.ARM.exidx.text.prvProcessExpiredTimer), (8 bytes).
    Removing timers.o(.ARM.exidx.text.prvReloadTimer), (8 bytes).
    Removing timers.o(.ARM.exidx.text.prvInsertTimerInActiveList), (8 bytes).
    Removing port.o(.text), (0 bytes).
    Removing port.o(.ARM.exidx.text.pxPortInitialiseStack), (8 bytes).
    Removing port.o(.ARM.exidx.text.prvTaskExitError), (8 bytes).
    Removing port.o(.ARM.exidx.text.SVC_Handler), (8 bytes).
    Removing port.o(.ARM.exidx.text.xPortStartScheduler), (8 bytes).
    Removing port.o(.ARM.exidx.text.vPortSetupTimerInterrupt), (8 bytes).
    Removing port.o(.ARM.exidx.text.vPortEnableVFP), (8 bytes).
    Removing port.o(.ARM.exidx.text.prvPortStartFirstTask), (8 bytes).
    Removing port.o(.text.vPortEndScheduler), (2 bytes).
    Removing port.o(.ARM.exidx.text.vPortEndScheduler), (8 bytes).
    Removing port.o(.ARM.exidx.text.vPortEnterCritical), (8 bytes).
    Removing port.o(.ARM.exidx.text.vPortExitCritical), (8 bytes).
    Removing port.o(.ARM.exidx.text.PendSV_Handler), (8 bytes).
    Removing port.o(.ARM.exidx.text.xPortSysTickHandler), (8 bytes).

448 unused section(s) (total 12349 bytes) removed from the image.

==============================================================================

Image Symbol Table

    Local Symbols

    Symbol Name                              Value     Ov Type        Size  Object(Section)

    ../clib/angel/boardlib.s                 0x00000000   Number         0  boardinit1.o ABSOLUTE
    ../clib/angel/boardlib.s                 0x00000000   Number         0  boardinit3.o ABSOLUTE
    ../clib/angel/boardlib.s                 0x00000000   Number         0  boardshut.o ABSOLUTE
    ../clib/angel/handlers.s                 0x00000000   Number         0  __scatter_copy.o ABSOLUTE
    ../clib/angel/handlers.s                 0x00000000   Number         0  __scatter_zi.o ABSOLUTE
    ../clib/angel/kernel.s                   0x00000000   Number         0  __rtentry.o ABSOLUTE
    ../clib/angel/kernel.s                   0x00000000   Number         0  __rtentry2.o ABSOLUTE
    ../clib/angel/kernel.s                   0x00000000   Number         0  __rtentry4.o ABSOLUTE
    ../clib/angel/kernel.s                   0x00000000   Number         0  rtexit.o ABSOLUTE
    ../clib/angel/kernel.s                   0x00000000   Number         0  rtexit2.o ABSOLUTE
    ../clib/angel/rt.s                       0x00000000   Number         0  rt_raise.o ABSOLUTE
    ../clib/angel/scatter.s                  0x00000000   Number         0  __scatter.o ABSOLUTE
    ../clib/angel/startup.s                  0x00000000   Number         0  __main.o ABSOLUTE
    ../clib/angel/sys.s                      0x00000000   Number         0  sys_stackheap_outer.o ABSOLUTE
    ../clib/angel/sys.s                      0x00000000   Number         0  libspace.o ABSOLUTE
    ../clib/angel/sys.s                      0x00000000   Number         0  use_no_semi.o ABSOLUTE
    ../clib/angel/sys.s                      0x00000000   Number         0  indicate_semi.o ABSOLUTE
    ../clib/angel/sysapp.c                   0x00000000   Number         0  sys_exit.o ABSOLUTE
    ../clib/angel/sysapp.c                   0x00000000   Number         0  sys_exit_hlt.o ABSOLUTE
    ../clib/angel/sysapp.c                   0x00000000   Number         0  sys_command.o ABSOLUTE
    ../clib/angel/sysapp.c                   0x00000000   Number         0  sys_command_hlt.o ABSOLUTE
    ../clib/angel/sysapp.c                   0x00000000   Number         0  sys_wrch.o ABSOLUTE
    ../clib/angel/sysapp.c                   0x00000000   Number         0  sys_wrch_hlt.o ABSOLUTE
    ../clib/armsys.c                         0x00000000   Number         0  argv_veneer.o ABSOLUTE
    ../clib/armsys.c                         0x00000000   Number         0  argv_veneer.o ABSOLUTE
    ../clib/armsys.c                         0x00000000   Number         0  _get_argv_nomalloc.o ABSOLUTE
    ../clib/armsys.c                         0x00000000   Number         0  no_argv.o ABSOLUTE
    ../clib/heapalloc.c                      0x00000000   Number         0  hrguard.o ABSOLUTE
    ../clib/heapaux.c                        0x00000000   Number         0  heapauxi.o ABSOLUTE
    ../clib/libinit.s                        0x00000000   Number         0  libinit.o ABSOLUTE
    ../clib/libinit.s                        0x00000000   Number         0  libinit2.o ABSOLUTE
    ../clib/libinit.s                        0x00000000   Number         0  libshutdown.o ABSOLUTE
    ../clib/libinit.s                        0x00000000   Number         0  libshutdown2.o ABSOLUTE
    ../clib/memcpset.s                       0x00000000   Number         0  rt_memcpy_v6.o ABSOLUTE
    ../clib/memcpset.s                       0x00000000   Number         0  aeabi_memset4.o ABSOLUTE
    ../clib/memcpset.s                       0x00000000   Number         0  rt_memcpy_w.o ABSOLUTE
    ../clib/memcpset.s                       0x00000000   Number         0  rt_memclr_w.o ABSOLUTE
    ../clib/signal.c                         0x00000000   Number         0  defsig_rtmem_outer.o ABSOLUTE
    ../clib/signal.c                         0x00000000   Number         0  defsig_rtmem_formal.o ABSOLUTE
    ../clib/signal.c                         0x00000000   Number         0  defsig_exit.o ABSOLUTE
    ../clib/signal.c                         0x00000000   Number         0  defsig_rtmem_inner.o ABSOLUTE
    ../clib/signal.c                         0x00000000   Number         0  __raise.o ABSOLUTE
    ../clib/signal.c                         0x00000000   Number         0  defsig_general.o ABSOLUTE
    ../clib/signal.c                         0x00000000   Number         0  defsig_abrt_inner.o ABSOLUTE
    ../clib/signal.c                         0x00000000   Number         0  defsig_fpe_inner.o ABSOLUTE
    ../clib/signal.c                         0x00000000   Number         0  defsig_rtred_inner.o ABSOLUTE
    ../clib/signal.c                         0x00000000   Number         0  defsig_stak_inner.o ABSOLUTE
    ../clib/signal.c                         0x00000000   Number         0  defsig_pvfn_inner.o ABSOLUTE
    ../clib/signal.c                         0x00000000   Number         0  defsig_cppl_inner.o ABSOLUTE
    ../clib/signal.c                         0x00000000   Number         0  defsig_segv_inner.o ABSOLUTE
    ../clib/signal.c                         0x00000000   Number         0  defsig_other.o ABSOLUTE
    ../clib/signal.s                         0x00000000   Number         0  defsig.o ABSOLUTE
    ../clib/stdlib.c                         0x00000000   Number         0  exit.o ABSOLUTE
    ../fplib/fpinit.s                        0x00000000   Number         0  fpinit.o ABSOLUTE
    RTE\Device\TM4C123GH6PM\startup_TM4C123.s 0x00000000   Number         0  startup_tm4c123.o ABSOLUTE
    clib_arm.c                               0x00000000   Number         0  clib_arm.o ABSOLUTE
    cmsis_os2.c                              0x00000000   Number         0  cmsis_os2.o ABSOLUTE
    dc.s                                     0x00000000   Number         0  dc.o ABSOLUTE
    event_groups.c                           0x00000000   Number         0  event_groups.o ABSOLUTE
    freertos_evr.c                           0x00000000   Number         0  freertos_evr.o ABSOLUTE
    heap_1.c                                 0x00000000   Number         0  heap_1.o ABSOLUTE
    list.c                                   0x00000000   Number         0  list.o ABSOLUTE
    main.c                                   0x00000000   Number         0  main.o ABSOLUTE
    os_systick.c                             0x00000000   Number         0  os_systick.o ABSOLUTE
    port.c                                   0x00000000   Number         0  port.o ABSOLUTE
    queue.c                                  0x00000000   Number         0  queue.o ABSOLUTE
    system_TM4C123.c                         0x00000000   Number         0  system_tm4c123.o ABSOLUTE
    tasks.c                                  0x00000000   Number         0  tasks.o ABSOLUTE
    timers.c                                 0x00000000   Number         0  timers.o ABSOLUTE
    RESET                                    0x00000000   Section      620  startup_tm4c123.o(RESET)
    !!!main                                  0x0000026c   Section        8  __main.o(!!!main)
    !!!scatter                               0x00000274   Section       52  __scatter.o(!!!scatter)
    !!handler_copy                           0x000002a8   Section       26  __scatter_copy.o(!!handler_copy)
    !!handler_zi                             0x000002c4   Section       28  __scatter_zi.o(!!handler_zi)
    .ARM.Collect$$libinit$$00000000          0x000002e0   Section        2  libinit.o(.ARM.Collect$$libinit$$00000000)
    .ARM.Collect$$libinit$$00000001          0x000002e2   Section        4  libinit2.o(.ARM.Collect$$libinit$$00000001)
    .ARM.Collect$$libinit$$00000004          0x000002e6   Section        0  libinit2.o(.ARM.Collect$$libinit$$00000004)
    .ARM.Collect$$libinit$$0000000A          0x000002e6   Section        0  libinit2.o(.ARM.Collect$$libinit$$0000000A)
    .ARM.Collect$$libinit$$0000000C          0x000002e6   Section        0  libinit2.o(.ARM.Collect$$libinit$$0000000C)
    .ARM.Collect$$libinit$$0000000E          0x000002e6   Section        0  libinit2.o(.ARM.Collect$$libinit$$0000000E)
    .ARM.Collect$$libinit$$00000011          0x000002e6   Section        0  libinit2.o(.ARM.Collect$$libinit$$00000011)
    .ARM.Collect$$libinit$$00000013          0x000002e6   Section        0  libinit2.o(.ARM.Collect$$libinit$$00000013)
    .ARM.Collect$$libinit$$00000015          0x000002e6   Section        0  libinit2.o(.ARM.Collect$$libinit$$00000015)
    .ARM.Collect$$libinit$$00000017          0x000002e6   Section        0  libinit2.o(.ARM.Collect$$libinit$$00000017)
    .ARM.Collect$$libinit$$00000019          0x000002e6   Section        0  libinit2.o(.ARM.Collect$$libinit$$00000019)
    .ARM.Collect$$libinit$$0000001B          0x000002e6   Section        0  libinit2.o(.ARM.Collect$$libinit$$0000001B)
    .ARM.Collect$$libinit$$0000001D          0x000002e6   Section        0  libinit2.o(.ARM.Collect$$libinit$$0000001D)
    .ARM.Collect$$libinit$$0000001F          0x000002e6   Section        0  libinit2.o(.ARM.Collect$$libinit$$0000001F)
    .ARM.Collect$$libinit$$00000021          0x000002e6   Section        0  libinit2.o(.ARM.Collect$$libinit$$00000021)
    .ARM.Collect$$libinit$$00000023          0x000002e6   Section        0  libinit2.o(.ARM.Collect$$libinit$$00000023)
    .ARM.Collect$$libinit$$00000025          0x000002e6   Section        0  libinit2.o(.ARM.Collect$$libinit$$00000025)
    .ARM.Collect$$libinit$$0000002C          0x000002e6   Section        0  libinit2.o(.ARM.Collect$$libinit$$0000002C)
    .ARM.Collect$$libinit$$0000002E          0x000002e6   Section        0  libinit2.o(.ARM.Collect$$libinit$$0000002E)
    .ARM.Collect$$libinit$$00000030          0x000002e6   Section        0  libinit2.o(.ARM.Collect$$libinit$$00000030)
    .ARM.Collect$$libinit$$00000032          0x000002e6   Section        0  libinit2.o(.ARM.Collect$$libinit$$00000032)
    .ARM.Collect$$libinit$$00000033          0x000002e6   Section        2  libinit2.o(.ARM.Collect$$libinit$$00000033)
    .ARM.Collect$$libshutdown$$00000000      0x000002e8   Section        2  libshutdown.o(.ARM.Collect$$libshutdown$$00000000)
    .ARM.Collect$$libshutdown$$00000002      0x000002ea   Section        0  libshutdown2.o(.ARM.Collect$$libshutdown$$00000002)
    .ARM.Collect$$libshutdown$$00000004      0x000002ea   Section        0  libshutdown2.o(.ARM.Collect$$libshutdown$$00000004)
    .ARM.Collect$$libshutdown$$00000007      0x000002ea   Section        0  libshutdown2.o(.ARM.Collect$$libshutdown$$00000007)
    .ARM.Collect$$libshutdown$$0000000A      0x000002ea   Section        0  libshutdown2.o(.ARM.Collect$$libshutdown$$0000000A)
    .ARM.Collect$$libshutdown$$0000000C      0x000002ea   Section        0  libshutdown2.o(.ARM.Collect$$libshutdown$$0000000C)
    .ARM.Collect$$libshutdown$$0000000F      0x000002ea   Section        0  libshutdown2.o(.ARM.Collect$$libshutdown$$0000000F)
    .ARM.Collect$$libshutdown$$00000010      0x000002ea   Section        2  libshutdown2.o(.ARM.Collect$$libshutdown$$00000010)
    .ARM.Collect$$rtentry$$00000000          0x000002ec   Section        0  __rtentry.o(.ARM.Collect$$rtentry$$00000000)
    .ARM.Collect$$rtentry$$00000002          0x000002ec   Section        0  __rtentry2.o(.ARM.Collect$$rtentry$$00000002)
    .ARM.Collect$$rtentry$$00000004          0x000002ec   Section        6  __rtentry4.o(.ARM.Collect$$rtentry$$00000004)
    .ARM.Collect$$rtentry$$00000008          0x000002f2   Section        8  __rtentry2.o(.ARM.Collect$$rtentry$$00000008)
    .ARM.Collect$$rtentry$$0000000A          0x000002fa   Section        4  __rtentry2.o(.ARM.Collect$$rtentry$$0000000A)
    .ARM.Collect$$rtentry$$0000000C          0x000002fe   Section        0  __rtentry2.o(.ARM.Collect$$rtentry$$0000000C)
    .ARM.Collect$$rtentry$$0000000D          0x000002fe   Section        8  __rtentry2.o(.ARM.Collect$$rtentry$$0000000D)
    .ARM.Collect$$rtexit$$00000000           0x00000306   Section        2  rtexit.o(.ARM.Collect$$rtexit$$00000000)
    .ARM.Collect$$rtexit$$00000002           0x00000308   Section        0  rtexit2.o(.ARM.Collect$$rtexit$$00000002)
    .ARM.Collect$$rtexit$$00000003           0x00000308   Section        4  rtexit2.o(.ARM.Collect$$rtexit$$00000003)
    .ARM.Collect$$rtexit$$00000004           0x0000030c   Section        6  rtexit2.o(.ARM.Collect$$rtexit$$00000004)
    $v0                                      0x00000314   Number         0  startup_tm4c123.o(.text)
    .text                                    0x00000314   Section      276  startup_tm4c123.o(.text)
    .text                                    0x00000428   Section      138  rt_memcpy_v6.o(.text)
    .text                                    0x000004b2   Section       16  aeabi_memset4.o(.text)
    .text                                    0x000004c2   Section        0  heapauxi.o(.text)
    .text                                    0x000004c8   Section      100  rt_memcpy_w.o(.text)
    .text                                    0x0000052c   Section       78  rt_memclr_w.o(.text)
    .text                                    0x0000057a   Section       74  sys_stackheap_outer.o(.text)
    .text                                    0x000005c4   Section        0  exit.o(.text)
    .text                                    0x000005d8   Section        8  libspace.o(.text)
    .text                                    0x000005e0   Section        0  sys_exit.o(.text)
    .text                                    0x000005ec   Section        2  use_no_semi.o(.text)
    .text                                    0x000005ee   Section        0  indicate_semi.o(.text)
    [Anonymous Symbol]                       0x000005f0   Section        0  main.o(.text.LED1_TASK)
    [Anonymous Symbol]                       0x00000600   Section        0  main.o(.text.LED2_TASK)
    [Anonymous Symbol]                       0x00000610   Section        0  main.o(.text.LED3_TASK)
    __arm_cp.2_0                             0x00000620   Number         4  main.o(.text.LED3_TASK)
    [Anonymous Symbol]                       0x00000630   Section        0  port.o(.text.PendSV_Handler)
    pxCurrentTCBConst                        0x00000690   Number         0  port.o(.text.PendSV_Handler)
    [Anonymous Symbol]                       0x000006a0   Section        0  port.o(.text.SVC_Handler)
    pxCurrentTCBConst2                       0x000006c0   Number         0  port.o(.text.SVC_Handler)
    [Anonymous Symbol]                       0x000006c4   Section        0  cmsis_os2.o(.text.SysTick_Handler)
    __arm_cp.0_0                             0x000006dc   Number         4  cmsis_os2.o(.text.SysTick_Handler)
    [Anonymous Symbol]                       0x000006e0   Section        0  system_tm4c123.o(.text.SystemInit)
    __arm_cp.2_0                             0x00000724   Number         4  system_tm4c123.o(.text.SystemInit)
    __arm_cp.2_1                             0x00000728   Number         4  system_tm4c123.o(.text.SystemInit)
    __arm_cp.2_2                             0x0000072c   Number         4  system_tm4c123.o(.text.SystemInit)
    __arm_cp.2_3                             0x00000730   Number         4  system_tm4c123.o(.text.SystemInit)
    __arm_cp.2_4                             0x00000734   Number         4  system_tm4c123.o(.text.SystemInit)
    __arm_cp.2_5                             0x00000738   Number         4  system_tm4c123.o(.text.SystemInit)
    __arm_cp.2_6                             0x0000073c   Number         4  system_tm4c123.o(.text.SystemInit)
    __tagsym$$used.1                         0x00000740   Number         0  clib_arm.o(.text._mutex_acquire)
    [Anonymous Symbol]                       0x00000740   Section        0  clib_arm.o(.text._mutex_acquire)
    __tagsym$$used.3                         0x0000075c   Number         0  clib_arm.o(.text._mutex_free)
    [Anonymous Symbol]                       0x0000075c   Section        0  clib_arm.o(.text._mutex_free)
    __tagsym$$used.0                         0x00000784   Number         0  clib_arm.o(.text._mutex_initialize)
    [Anonymous Symbol]                       0x00000784   Section        0  clib_arm.o(.text._mutex_initialize)
    __arm_cp.3_0                             0x000007d0   Number         4  clib_arm.o(.text._mutex_initialize)
    __arm_cp.3_1                             0x000007d4   Number         4  clib_arm.o(.text._mutex_initialize)
    __tagsym$$used.2                         0x000007d8   Number         0  clib_arm.o(.text._mutex_release)
    [Anonymous Symbol]                       0x000007d8   Section        0  clib_arm.o(.text._mutex_release)
    [Anonymous Symbol]                       0x000007f4   Section        0  clib_arm.o(.text._platform_post_stackheap_init)
    [Anonymous Symbol]                       0x000007f8   Section        0  main.o(.text.main)
    __arm_cp.3_0                             0x00000848   Number         4  main.o(.text.main)
    __arm_cp.3_1                             0x0000084c   Number         4  main.o(.text.main)
    __arm_cp.3_2                             0x00000850   Number         4  main.o(.text.main)
    __arm_cp.3_3                             0x00000854   Number         4  main.o(.text.main)
    __arm_cp.3_5                             0x00000860   Number         4  main.o(.text.main)
    __arm_cp.3_6                             0x00000864   Number         4  main.o(.text.main)
    __arm_cp.3_8                             0x00000870   Number         4  main.o(.text.main)
    os_kernel_is_active                      0x0000087d   Thumb Code    16  clib_arm.o(.text.os_kernel_is_active)
    [Anonymous Symbol]                       0x0000087c   Section        0  clib_arm.o(.text.os_kernel_is_active)
    prvAddCurrentTaskToDelayedList           0x0000088d   Thumb Code   112  tasks.o(.text.prvAddCurrentTaskToDelayedList)
    [Anonymous Symbol]                       0x0000088c   Section        0  tasks.o(.text.prvAddCurrentTaskToDelayedList)
    prvAddNewTaskToReadyList                 0x000008fd   Thumb Code   192  tasks.o(.text.prvAddNewTaskToReadyList)
    [Anonymous Symbol]                       0x000008fc   Section        0  tasks.o(.text.prvAddNewTaskToReadyList)
    __arm_cp.2_1                             0x000009b0   Number         4  tasks.o(.text.prvAddNewTaskToReadyList)
    __arm_cp.2_2                             0x000009b4   Number         4  tasks.o(.text.prvAddNewTaskToReadyList)
    __arm_cp.2_3                             0x000009b8   Number         4  tasks.o(.text.prvAddNewTaskToReadyList)
    prvCheckForValidListAndQueue             0x000009bd   Thumb Code    72  timers.o(.text.prvCheckForValidListAndQueue)
    [Anonymous Symbol]                       0x000009bc   Section        0  timers.o(.text.prvCheckForValidListAndQueue)
    __arm_cp.1_1                             0x000009fc   Number         4  timers.o(.text.prvCheckForValidListAndQueue)
    __arm_cp.1_2                             0x00000a00   Number         4  timers.o(.text.prvCheckForValidListAndQueue)
    prvCopyDataFromQueue                     0x00000a05   Thumb Code    36  queue.o(.text.prvCopyDataFromQueue)
    [Anonymous Symbol]                       0x00000a04   Section        0  queue.o(.text.prvCopyDataFromQueue)
    prvCopyDataToQueue                       0x00000a29   Thumb Code   110  queue.o(.text.prvCopyDataToQueue)
    [Anonymous Symbol]                       0x00000a28   Section        0  queue.o(.text.prvCopyDataToQueue)
    prvDeleteTCB                             0x00000a97   Thumb Code    32  tasks.o(.text.prvDeleteTCB)
    [Anonymous Symbol]                       0x00000a96   Section        0  tasks.o(.text.prvDeleteTCB)
    prvIdleTask                              0x00000ab9   Thumb Code    68  tasks.o(.text.prvIdleTask)
    [Anonymous Symbol]                       0x00000ab8   Section        0  tasks.o(.text.prvIdleTask)
    __arm_cp.22_0                            0x00000af8   Number         4  tasks.o(.text.prvIdleTask)
    prvInitialiseMutex                       0x00000afd   Thumb Code    22  queue.o(.text.prvInitialiseMutex)
    [Anonymous Symbol]                       0x00000afc   Section        0  queue.o(.text.prvInitialiseMutex)
    prvInitialiseNewQueue                    0x00000b13   Thumb Code    32  queue.o(.text.prvInitialiseNewQueue)
    [Anonymous Symbol]                       0x00000b12   Section        0  queue.o(.text.prvInitialiseNewQueue)
    prvInitialiseNewTask                     0x00000b33   Thumb Code   148  tasks.o(.text.prvInitialiseNewTask)
    [Anonymous Symbol]                       0x00000b32   Section        0  tasks.o(.text.prvInitialiseNewTask)
    prvInsertTimerInActiveList               0x00000bc9   Thumb Code    56  timers.o(.text.prvInsertTimerInActiveList)
    [Anonymous Symbol]                       0x00000bc8   Section        0  timers.o(.text.prvInsertTimerInActiveList)
    prvIsQueueEmpty                          0x00000c01   Thumb Code    24  queue.o(.text.prvIsQueueEmpty)
    [Anonymous Symbol]                       0x00000c00   Section        0  queue.o(.text.prvIsQueueEmpty)
    prvPortStartFirstTask                    0x00000c19   Thumb Code    40  port.o(.text.prvPortStartFirstTask)
    [Anonymous Symbol]                       0x00000c18   Section        0  port.o(.text.prvPortStartFirstTask)
    prvProcessExpiredTimer                   0x00000c41   Thumb Code    60  timers.o(.text.prvProcessExpiredTimer)
    [Anonymous Symbol]                       0x00000c40   Section        0  timers.o(.text.prvProcessExpiredTimer)
    prvReloadTimer                           0x00000c7d   Thumb Code    38  timers.o(.text.prvReloadTimer)
    [Anonymous Symbol]                       0x00000c7c   Section        0  timers.o(.text.prvReloadTimer)
    prvResetNextTaskUnblockTime              0x00000ca5   Thumb Code    28  tasks.o(.text.prvResetNextTaskUnblockTime)
    [Anonymous Symbol]                       0x00000ca4   Section        0  tasks.o(.text.prvResetNextTaskUnblockTime)
    __arm_cp.5_0                             0x00000cbc   Number         4  tasks.o(.text.prvResetNextTaskUnblockTime)
    prvSampleTimeNow                         0x00000cc1   Thumb Code    64  timers.o(.text.prvSampleTimeNow)
    [Anonymous Symbol]                       0x00000cc0   Section        0  timers.o(.text.prvSampleTimeNow)
    __arm_cp.20_0                            0x00000cfc   Number         4  timers.o(.text.prvSampleTimeNow)
    prvTaskExitError                         0x00000d01   Thumb Code    32  port.o(.text.prvTaskExitError)
    [Anonymous Symbol]                       0x00000d00   Section        0  port.o(.text.prvTaskExitError)
    prvTimerTask                             0x00000d21   Thumb Code   348  timers.o(.text.prvTimerTask)
    [Anonymous Symbol]                       0x00000d20   Section        0  timers.o(.text.prvTimerTask)
    __arm_cp.2_0                             0x00000e74   Number         4  timers.o(.text.prvTimerTask)
    __arm_cp.2_1                             0x00000e78   Number         4  timers.o(.text.prvTimerTask)
    prvUnlockQueue                           0x00000e7d   Thumb Code   104  queue.o(.text.prvUnlockQueue)
    [Anonymous Symbol]                       0x00000e7c   Section        0  queue.o(.text.prvUnlockQueue)
    [Anonymous Symbol]                       0x00000ee4   Section        0  heap_1.o(.text.pvPortMalloc)
    __arm_cp.0_0                             0x00000f34   Number         4  heap_1.o(.text.pvPortMalloc)
    __arm_cp.0_1                             0x00000f38   Number         4  heap_1.o(.text.pvPortMalloc)
    [Anonymous Symbol]                       0x00000f3c   Section        0  tasks.o(.text.pvTaskIncrementMutexHeldCount)
    __arm_cp.52_0                            0x00000f50   Number         4  tasks.o(.text.pvTaskIncrementMutexHeldCount)
    [Anonymous Symbol]                       0x00000f54   Section        0  port.o(.text.pxPortInitialiseStack)
    __arm_cp.0_0                             0x00000f74   Number         4  port.o(.text.pxPortInitialiseStack)
    [Anonymous Symbol]                       0x00000f78   Section        0  list.o(.text.uxListRemove)
    [Anonymous Symbol]                       0x00000f9c   Section        0  cmsis_os2.o(.text.vApplicationGetIdleTaskMemory)
    __arm_cp.76_0                            0x00000fac   Number         4  cmsis_os2.o(.text.vApplicationGetIdleTaskMemory)
    __arm_cp.76_1                            0x00000fb0   Number         4  cmsis_os2.o(.text.vApplicationGetIdleTaskMemory)
    [Anonymous Symbol]                       0x00000fb4   Section        0  cmsis_os2.o(.text.vApplicationGetTimerTaskMemory)
    __arm_cp.77_0                            0x00000fc4   Number         4  cmsis_os2.o(.text.vApplicationGetTimerTaskMemory)
    __arm_cp.77_1                            0x00000fc8   Number         4  cmsis_os2.o(.text.vApplicationGetTimerTaskMemory)
    [Anonymous Symbol]                       0x00000fcc   Section        0  cmsis_os2.o(.text.vApplicationStackOverflowHook)
    [Anonymous Symbol]                       0x00000fce   Section        0  list.o(.text.vListInitialise)
    [Anonymous Symbol]                       0x00000fe4   Section        0  list.o(.text.vListInitialiseItem)
    [Anonymous Symbol]                       0x00000fea   Section        0  list.o(.text.vListInsert)
    vPortEnableVFP                           0x00001019   Thumb Code    20  port.o(.text.vPortEnableVFP)
    [Anonymous Symbol]                       0x00001018   Section        0  port.o(.text.vPortEnableVFP)
    [Anonymous Symbol]                       0x0000102c   Section        0  port.o(.text.vPortEnterCritical)
    [Anonymous Symbol]                       0x00001048   Section        0  port.o(.text.vPortExitCritical)
    [Anonymous Symbol]                       0x0000105c   Section        0  heap_1.o(.text.vPortFree)
    [Anonymous Symbol]                       0x00001060   Section        0  port.o(.text.vPortSetupTimerInterrupt)
    __arm_cp.4_0                             0x00001080   Number         4  port.o(.text.vPortSetupTimerInterrupt)
    __arm_cp.4_1                             0x00001084   Number         4  port.o(.text.vPortSetupTimerInterrupt)
    [Anonymous Symbol]                       0x00001088   Section        0  queue.o(.text.vQueueDelete)
    [Anonymous Symbol]                       0x00001096   Section        0  queue.o(.text.vQueueWaitForMessageRestricted)
    [Anonymous Symbol]                       0x000010dc   Section        0  tasks.o(.text.vTaskDelay)
    __arm_cp.11_1                            0x00001104   Number         4  tasks.o(.text.vTaskDelay)
    [Anonymous Symbol]                       0x00001108   Section        0  tasks.o(.text.vTaskInternalSetTimeOutState)
    [Anonymous Symbol]                       0x00001114   Section        0  tasks.o(.text.vTaskMissedYield)
    [Anonymous Symbol]                       0x0000111c   Section        0  tasks.o(.text.vTaskPlaceOnEventList)
    [Anonymous Symbol]                       0x00001138   Section        0  tasks.o(.text.vTaskPlaceOnEventListRestricted)
    [Anonymous Symbol]                       0x0000117c   Section        0  tasks.o(.text.vTaskPriorityDisinheritAfterTimeout)
    [Anonymous Symbol]                       0x000011f0   Section        0  tasks.o(.text.vTaskStartScheduler)
    __arm_cp.21_0                            0x00001254   Number         4  tasks.o(.text.vTaskStartScheduler)
    __arm_cp.21_3                            0x00001260   Number         4  tasks.o(.text.vTaskStartScheduler)
    [Anonymous Symbol]                       0x00001264   Section        0  tasks.o(.text.vTaskSuspendAll)
    __tagsym$$used.0                         0x00001270   Number         0  tasks.o(.text.vTaskSwitchContext)
    [Anonymous Symbol]                       0x00001270   Section        0  tasks.o(.text.vTaskSwitchContext)
    __arm_cp.17_0                            0x000012f0   Number         4  tasks.o(.text.vTaskSwitchContext)
    __arm_cp.17_1                            0x000012f4   Number         4  tasks.o(.text.vTaskSwitchContext)
    [Anonymous Symbol]                       0x000012f8   Section        0  port.o(.text.xPortStartScheduler)
    __arm_cp.3_0                             0x00001338   Number         4  port.o(.text.xPortStartScheduler)
    __arm_cp.3_1                             0x0000133c   Number         4  port.o(.text.xPortStartScheduler)
    [Anonymous Symbol]                       0x00001340   Section        0  port.o(.text.xPortSysTickHandler)
    __arm_cp.11_0                            0x00001368   Number         4  port.o(.text.xPortSysTickHandler)
    [Anonymous Symbol]                       0x0000136c   Section        0  queue.o(.text.xQueueCreateMutex)
    [Anonymous Symbol]                       0x00001382   Section        0  queue.o(.text.xQueueCreateMutexStatic)
    [Anonymous Symbol]                       0x0000139c   Section        0  queue.o(.text.xQueueGenericCreate)
    [Anonymous Symbol]                       0x000013de   Section        0  queue.o(.text.xQueueGenericCreateStatic)
    [Anonymous Symbol]                       0x00001408   Section        0  queue.o(.text.xQueueGenericReset)
    [Anonymous Symbol]                       0x00001470   Section        0  queue.o(.text.xQueueGenericSend)
    [Anonymous Symbol]                       0x00001568   Section        0  queue.o(.text.xQueueReceive)
    __arm_cp.19_0                            0x00001650   Number         4  queue.o(.text.xQueueReceive)
    [Anonymous Symbol]                       0x00001654   Section        0  queue.o(.text.xQueueSemaphoreTake)
    __arm_cp.12_0                            0x00001774   Number         4  queue.o(.text.xQueueSemaphoreTake)
    [Anonymous Symbol]                       0x00001778   Section        0  tasks.o(.text.xTaskCheckForTimeOut)
    [Anonymous Symbol]                       0x000017c0   Section        0  tasks.o(.text.xTaskCreate)
    [Anonymous Symbol]                       0x00001818   Section        0  tasks.o(.text.xTaskCreateStatic)
    [Anonymous Symbol]                       0x0000184c   Section        0  tasks.o(.text.xTaskGetSchedulerState)
    [Anonymous Symbol]                       0x00001864   Section        0  tasks.o(.text.xTaskGetTickCount)
    [Anonymous Symbol]                       0x0000186c   Section        0  tasks.o(.text.xTaskIncrementTick)
    [Anonymous Symbol]                       0x00001940   Section        0  tasks.o(.text.xTaskPriorityDisinherit)
    [Anonymous Symbol]                       0x000019a4   Section        0  tasks.o(.text.xTaskPriorityInherit)
    [Anonymous Symbol]                       0x00001a30   Section        0  tasks.o(.text.xTaskRemoveFromEventList)
    __arm_cp.35_0                            0x00001adc   Number         4  tasks.o(.text.xTaskRemoveFromEventList)
    [Anonymous Symbol]                       0x00001ae0   Section        0  tasks.o(.text.xTaskResumeAll)
    __arm_cp.10_0                            0x00001bac   Number         4  tasks.o(.text.xTaskResumeAll)
    __arm_cp.10_1                            0x00001bb0   Number         4  tasks.o(.text.xTaskResumeAll)
    [Anonymous Symbol]                       0x00001bb4   Section        0  timers.o(.text.xTimerCreateTimerTask)
    __arm_cp.0_0                             0x00001bf8   Number         4  timers.o(.text.xTimerCreateTimerTask)
    __arm_cp.0_1                             0x00001bfc   Number         4  timers.o(.text.xTimerCreateTimerTask)
    $v0                                      0x00001c08   Number         0  fpinit.o(x$fpl$fpinit)
    x$fpl$fpinit                             0x00001c08   Section       26  fpinit.o(x$fpl$fpinit)
    uxCriticalNesting                        0x20000004   Data           4  port.o(.data.uxCriticalNesting)
    [Anonymous Symbol]                       0x20000004   Section        0  port.o(.data.uxCriticalNesting)
    .bss                                     0x20000008   Section       96  libspace.o(.bss)
    [Anonymous Symbol]                       0x20000068   Section        0  main.o(.bss..L_MergedGlobals)
    pvPortMalloc.pucAlignedHeap              0x20000074   Data           4  heap_1.o(.bss..L_MergedGlobals)
    [Anonymous Symbol]                       0x20000074   Section        0  heap_1.o(.bss..L_MergedGlobals)
    xNextFreeByte                            0x20000078   Data           4  heap_1.o(.bss..L_MergedGlobals)
    [Anonymous Symbol]                       0x2000007c   Section        0  tasks.o(.bss..L_MergedGlobals)
    uxTaskNumber                             0x20000080   Data           4  tasks.o(.bss..L_MergedGlobals)
    uxDeletedTasksWaitingCleanUp             0x20000084   Data           4  tasks.o(.bss..L_MergedGlobals)
    uxCurrentNumberOfTasks                   0x20000088   Data           4  tasks.o(.bss..L_MergedGlobals)
    xSchedulerRunning                        0x2000008c   Data           4  tasks.o(.bss..L_MergedGlobals)
    xTickCount                               0x20000090   Data           4  tasks.o(.bss..L_MergedGlobals)
    pxDelayedTaskList                        0x20000094   Data           4  tasks.o(.bss..L_MergedGlobals)
    pxOverflowDelayedTaskList                0x20000098   Data           4  tasks.o(.bss..L_MergedGlobals)
    uxTopReadyPriority                       0x2000009c   Data           4  tasks.o(.bss..L_MergedGlobals)
    uxSchedulerSuspended                     0x200000a0   Data           4  tasks.o(.bss..L_MergedGlobals)
    xYieldPending                            0x200000a4   Data           4  tasks.o(.bss..L_MergedGlobals)
    xIdleTaskHandle                          0x200000a8   Data           4  tasks.o(.bss..L_MergedGlobals)
    xNextTaskUnblockTime                     0x200000ac   Data           4  tasks.o(.bss..L_MergedGlobals)
    xPendedTicks                             0x200000b0   Data           4  tasks.o(.bss..L_MergedGlobals)
    xNumOfOverflows                          0x200000b4   Data           4  tasks.o(.bss..L_MergedGlobals)
    xTasksWaitingTermination                 0x200000b8   Data          20  tasks.o(.bss..L_MergedGlobals)
    xSuspendedTaskList                       0x200000cc   Data          20  tasks.o(.bss..L_MergedGlobals)
    xPendingReadyList                        0x200000e0   Data          20  tasks.o(.bss..L_MergedGlobals)
    xTimerQueue                              0x200000f4   Data           4  timers.o(.bss..L_MergedGlobals)
    [Anonymous Symbol]                       0x200000f4   Section        0  timers.o(.bss..L_MergedGlobals)
    xTimerTaskHandle                         0x200000f8   Data           4  timers.o(.bss..L_MergedGlobals)
    pxCurrentTimerList                       0x200000fc   Data           4  timers.o(.bss..L_MergedGlobals)
    pxOverflowTimerList                      0x20000100   Data           4  timers.o(.bss..L_MergedGlobals)
    prvSampleTimeNow.xLastTime               0x20000104   Data           4  timers.o(.bss..L_MergedGlobals)
    xActiveTimerList1                        0x20000108   Data          20  timers.o(.bss..L_MergedGlobals)
    xActiveTimerList2                        0x2000011c   Data          20  timers.o(.bss..L_MergedGlobals)
    xDelayedTaskList1                        0x20000130   Data          20  tasks.o(.bss..L_MergedGlobals.1)
    [Anonymous Symbol]                       0x20000130   Section        0  tasks.o(.bss..L_MergedGlobals.1)
    xDelayedTaskList2                        0x20000144   Data          20  tasks.o(.bss..L_MergedGlobals.1)
    clib_mutex_cb                            0x20000158   Data         400  clib_arm.o(.bss.clib_mutex_cb)
    [Anonymous Symbol]                       0x20000158   Section        0  clib_arm.o(.bss.clib_mutex_cb)
    clib_mutex_id                            0x200002e8   Data          20  clib_arm.o(.bss.clib_mutex_id)
    [Anonymous Symbol]                       0x200002e8   Section        0  clib_arm.o(.bss.clib_mutex_id)
    prvCheckForValidListAndQueue.ucStaticTimerQueueStorage 0x200002fc   Data          80  timers.o(.bss.prvCheckForValidListAndQueue.ucStaticTimerQueueStorage)
    [Anonymous Symbol]                       0x200002fc   Section        0  timers.o(.bss.prvCheckForValidListAndQueue.ucStaticTimerQueueStorage)
    prvCheckForValidListAndQueue.xStaticTimerQueue 0x2000034c   Data          80  timers.o(.bss.prvCheckForValidListAndQueue.xStaticTimerQueue)
    [Anonymous Symbol]                       0x2000034c   Section        0  timers.o(.bss.prvCheckForValidListAndQueue.xStaticTimerQueue)
    pxReadyTasksLists                        0x2000039c   Data        1120  tasks.o(.bss.pxReadyTasksLists)
    [Anonymous Symbol]                       0x2000039c   Section        0  tasks.o(.bss.pxReadyTasksLists)
    ucHeap                                   0x200007fc   Data        8192  heap_1.o(.bss.ucHeap)
    [Anonymous Symbol]                       0x200007fc   Section        0  heap_1.o(.bss.ucHeap)
    vApplicationGetIdleTaskMemory.Idle_Stack 0x200027fc   Data         512  cmsis_os2.o(.bss.vApplicationGetIdleTaskMemory.Idle_Stack)
    [Anonymous Symbol]                       0x200027fc   Section        0  cmsis_os2.o(.bss.vApplicationGetIdleTaskMemory.Idle_Stack)
    vApplicationGetIdleTaskMemory.Idle_TCB   0x200029fc   Data          92  cmsis_os2.o(.bss.vApplicationGetIdleTaskMemory.Idle_TCB)
    [Anonymous Symbol]                       0x200029fc   Section        0  cmsis_os2.o(.bss.vApplicationGetIdleTaskMemory.Idle_TCB)
    vApplicationGetTimerTaskMemory.Timer_Stack 0x20002a58   Data         320  cmsis_os2.o(.bss.vApplicationGetTimerTaskMemory.Timer_Stack)
    [Anonymous Symbol]                       0x20002a58   Section        0  cmsis_os2.o(.bss.vApplicationGetTimerTaskMemory.Timer_Stack)
    vApplicationGetTimerTaskMemory.Timer_TCB 0x20002b98   Data          92  cmsis_os2.o(.bss.vApplicationGetTimerTaskMemory.Timer_TCB)
    [Anonymous Symbol]                       0x20002b98   Section        0  cmsis_os2.o(.bss.vApplicationGetTimerTaskMemory.Timer_TCB)
    Heap_Mem                                 0x20002bf8   Data           0  startup_tm4c123.o(HEAP)
    Stack_Mem                                0x20002bf8   Data         512  startup_tm4c123.o(STACK)
    HEAP                                     0x20002bf8   Section        0  startup_tm4c123.o(HEAP)
    STACK                                    0x20002bf8   Section      512  startup_tm4c123.o(STACK)
    __initial_sp                             0x20002df8   Data           0  startup_tm4c123.o(STACK)

    Global Symbols

    Symbol Name                              Value     Ov Type        Size  Object(Section)

    BuildAttributes$$THM_ISAv4$E$P$D$K$B$S$7EM$VFPi3$EXTD16$VFPS$VFMA$PE$A:L22UL41UL21$X:L11$S22US41US21$IEEE1$IW$~IW$USESV6$~STKCKD$USESV7$~SHL$OSPACE$ROPI$EBA8$UX$STANDARDLIB$REQ8$PRES8$EABIv2 0x00000000   Number         0  anon$$obj.o ABSOLUTE
    __Vectors                                0x00000000   Data           4  startup_tm4c123.o(RESET)
    __ARM_exceptions_init                     - Undefined Weak Reference
    __alloca_initialize                       - Undefined Weak Reference
    __arm_preinit_                            - Undefined Weak Reference
    __cpp_initialize__aeabi_                  - Undefined Weak Reference
    __cxa_finalize                            - Undefined Weak Reference
    __rt_locale                               - Undefined Weak Reference
    __sigvec_lookup                           - Undefined Weak Reference
    _atexit_init                              - Undefined Weak Reference
    _call_atexit_fns                          - Undefined Weak Reference
    _clock_init                               - Undefined Weak Reference
    _fp_trap_init                             - Undefined Weak Reference
    _fp_trap_shutdown                         - Undefined Weak Reference
    _get_lc_collate                           - Undefined Weak Reference
    _get_lc_ctype                             - Undefined Weak Reference
    _get_lc_monetary                          - Undefined Weak Reference
    _get_lc_numeric                           - Undefined Weak Reference
    _get_lc_time                              - Undefined Weak Reference
    _getenv_init                              - Undefined Weak Reference
    _handle_redirection                       - Undefined Weak Reference
    _init_alloc                               - Undefined Weak Reference
    _init_user_alloc                          - Undefined Weak Reference
    _initio                                   - Undefined Weak Reference
    _rand_init                                - Undefined Weak Reference
    _signal_finish                            - Undefined Weak Reference
    _signal_init                              - Undefined Weak Reference
    _terminate_alloc                          - Undefined Weak Reference
    _terminate_user_alloc                     - Undefined Weak Reference
    _terminateio                              - Undefined Weak Reference
    __Vectors_End                            0x0000026c   Data           0  startup_tm4c123.o(RESET)
    __Vectors_Size                           0x0000026c   Number         0  startup_tm4c123.o ABSOLUTE
    __main                                   0x0000026d   Thumb Code     8  __main.o(!!!main)
    __scatterload                            0x00000275   Thumb Code     0  __scatter.o(!!!scatter)
    __scatterload_rt2                        0x00000275   Thumb Code    44  __scatter.o(!!!scatter)
    __scatterload_rt2_thumb_only             0x00000275   Thumb Code     0  __scatter.o(!!!scatter)
    __scatterload_null                       0x00000283   Thumb Code     0  __scatter.o(!!!scatter)
    __scatterload_copy                       0x000002a9   Thumb Code    26  __scatter_copy.o(!!handler_copy)
    __scatterload_zeroinit                   0x000002c5   Thumb Code    28  __scatter_zi.o(!!handler_zi)
    __rt_lib_init                            0x000002e1   Thumb Code     0  libinit.o(.ARM.Collect$$libinit$$00000000)
    __rt_lib_init_fp_1                       0x000002e3   Thumb Code     0  libinit2.o(.ARM.Collect$$libinit$$00000001)
    __rt_lib_init_alloca_1                   0x000002e7   Thumb Code     0  libinit2.o(.ARM.Collect$$libinit$$0000002E)
    __rt_lib_init_argv_1                     0x000002e7   Thumb Code     0  libinit2.o(.ARM.Collect$$libinit$$0000002C)
    __rt_lib_init_atexit_1                   0x000002e7   Thumb Code     0  libinit2.o(.ARM.Collect$$libinit$$0000001B)
    __rt_lib_init_clock_1                    0x000002e7   Thumb Code     0  libinit2.o(.ARM.Collect$$libinit$$00000021)
    __rt_lib_init_cpp_1                      0x000002e7   Thumb Code     0  libinit2.o(.ARM.Collect$$libinit$$00000032)
    __rt_lib_init_exceptions_1               0x000002e7   Thumb Code     0  libinit2.o(.ARM.Collect$$libinit$$00000030)
    __rt_lib_init_fp_trap_1                  0x000002e7   Thumb Code     0  libinit2.o(.ARM.Collect$$libinit$$0000001F)
    __rt_lib_init_getenv_1                   0x000002e7   Thumb Code     0  libinit2.o(.ARM.Collect$$libinit$$00000023)
    __rt_lib_init_heap_1                     0x000002e7   Thumb Code     0  libinit2.o(.ARM.Collect$$libinit$$0000000A)
    __rt_lib_init_lc_collate_1               0x000002e7   Thumb Code     0  libinit2.o(.ARM.Collect$$libinit$$00000011)
    __rt_lib_init_lc_ctype_1                 0x000002e7   Thumb Code     0  libinit2.o(.ARM.Collect$$libinit$$00000013)
    __rt_lib_init_lc_monetary_1              0x000002e7   Thumb Code     0  libinit2.o(.ARM.Collect$$libinit$$00000015)
    __rt_lib_init_lc_numeric_1               0x000002e7   Thumb Code     0  libinit2.o(.ARM.Collect$$libinit$$00000017)
    __rt_lib_init_lc_time_1                  0x000002e7   Thumb Code     0  libinit2.o(.ARM.Collect$$libinit$$00000019)
    __rt_lib_init_preinit_1                  0x000002e7   Thumb Code     0  libinit2.o(.ARM.Collect$$libinit$$00000004)
    __rt_lib_init_rand_1                     0x000002e7   Thumb Code     0  libinit2.o(.ARM.Collect$$libinit$$0000000E)
    __rt_lib_init_return                     0x000002e7   Thumb Code     0  libinit2.o(.ARM.Collect$$libinit$$00000033)
    __rt_lib_init_signal_1                   0x000002e7   Thumb Code     0  libinit2.o(.ARM.Collect$$libinit$$0000001D)
    __rt_lib_init_stdio_1                    0x000002e7   Thumb Code     0  libinit2.o(.ARM.Collect$$libinit$$00000025)
    __rt_lib_init_user_alloc_1               0x000002e7   Thumb Code     0  libinit2.o(.ARM.Collect$$libinit$$0000000C)
    __rt_lib_shutdown                        0x000002e9   Thumb Code     0  libshutdown.o(.ARM.Collect$$libshutdown$$00000000)
    __rt_lib_shutdown_cpp_1                  0x000002eb   Thumb Code     0  libshutdown2.o(.ARM.Collect$$libshutdown$$00000002)
    __rt_lib_shutdown_fp_trap_1              0x000002eb   Thumb Code     0  libshutdown2.o(.ARM.Collect$$libshutdown$$00000007)
    __rt_lib_shutdown_heap_1                 0x000002eb   Thumb Code     0  libshutdown2.o(.ARM.Collect$$libshutdown$$0000000F)
    __rt_lib_shutdown_return                 0x000002eb   Thumb Code     0  libshutdown2.o(.ARM.Collect$$libshutdown$$00000010)
    __rt_lib_shutdown_signal_1               0x000002eb   Thumb Code     0  libshutdown2.o(.ARM.Collect$$libshutdown$$0000000A)
    __rt_lib_shutdown_stdio_1                0x000002eb   Thumb Code     0  libshutdown2.o(.ARM.Collect$$libshutdown$$00000004)
    __rt_lib_shutdown_user_alloc_1           0x000002eb   Thumb Code     0  libshutdown2.o(.ARM.Collect$$libshutdown$$0000000C)
    __rt_entry                               0x000002ed   Thumb Code     0  __rtentry.o(.ARM.Collect$$rtentry$$00000000)
    __rt_entry_presh_1                       0x000002ed   Thumb Code     0  __rtentry2.o(.ARM.Collect$$rtentry$$00000002)
    __rt_entry_sh                            0x000002ed   Thumb Code     0  __rtentry4.o(.ARM.Collect$$rtentry$$00000004)
    __rt_entry_postsh_1                      0x000002f3   Thumb Code     0  __rtentry2.o(.ARM.Collect$$rtentry$$00000008)
    __rt_entry_li                            0x000002fb   Thumb Code     0  __rtentry2.o(.ARM.Collect$$rtentry$$0000000A)
    __rt_entry_main                          0x000002ff   Thumb Code     0  __rtentry2.o(.ARM.Collect$$rtentry$$0000000D)
    __rt_entry_postli_1                      0x000002ff   Thumb Code     0  __rtentry2.o(.ARM.Collect$$rtentry$$0000000C)
    __rt_exit                                0x00000307   Thumb Code     0  rtexit.o(.ARM.Collect$$rtexit$$00000000)
    __rt_exit_ls                             0x00000309   Thumb Code     0  rtexit2.o(.ARM.Collect$$rtexit$$00000003)
    __rt_exit_prels_1                        0x00000309   Thumb Code     0  rtexit2.o(.ARM.Collect$$rtexit$$00000002)
    __rt_exit_exit                           0x0000030d   Thumb Code     0  rtexit2.o(.ARM.Collect$$rtexit$$00000004)
    Reset_Handler                            0x00000315   Thumb Code     8  startup_tm4c123.o(.text)
    NMI_Handler                              0x0000031d   Thumb Code     2  startup_tm4c123.o(.text)
    HardFault_Handler                        0x0000031f   Thumb Code     2  startup_tm4c123.o(.text)
    MemManage_Handler                        0x00000321   Thumb Code     2  startup_tm4c123.o(.text)
    BusFault_Handler                         0x00000323   Thumb Code     2  startup_tm4c123.o(.text)
    UsageFault_Handler                       0x00000325   Thumb Code     2  startup_tm4c123.o(.text)
    DebugMon_Handler                         0x00000329   Thumb Code     2  startup_tm4c123.o(.text)
    GPIOA_Handler                            0x0000032f   Thumb Code     2  startup_tm4c123.o(.text)
    GPIOB_Handler                            0x00000331   Thumb Code     2  startup_tm4c123.o(.text)
    GPIOC_Handler                            0x00000333   Thumb Code     2  startup_tm4c123.o(.text)
    GPIOD_Handler                            0x00000335   Thumb Code     2  startup_tm4c123.o(.text)
    GPIOE_Handler                            0x00000337   Thumb Code     2  startup_tm4c123.o(.text)
    UART0_Handler                            0x00000339   Thumb Code     2  startup_tm4c123.o(.text)
    UART1_Handler                            0x0000033b   Thumb Code     2  startup_tm4c123.o(.text)
    SSI0_Handler                             0x0000033d   Thumb Code     2  startup_tm4c123.o(.text)
    I2C0_Handler                             0x0000033f   Thumb Code     2  startup_tm4c123.o(.text)
    PMW0_FAULT_Handler                       0x00000341   Thumb Code     2  startup_tm4c123.o(.text)
    PWM0_0_Handler                           0x00000343   Thumb Code     2  startup_tm4c123.o(.text)
    PWM0_1_Handler                           0x00000345   Thumb Code     2  startup_tm4c123.o(.text)
    PWM0_2_Handler                           0x00000347   Thumb Code     2  startup_tm4c123.o(.text)
    QEI0_Handler                             0x00000349   Thumb Code     2  startup_tm4c123.o(.text)
    ADC0SS0_Handler                          0x0000034b   Thumb Code     2  startup_tm4c123.o(.text)
    ADC0SS1_Handler                          0x0000034d   Thumb Code     2  startup_tm4c123.o(.text)
    ADC0SS2_Handler                          0x0000034f   Thumb Code     2  startup_tm4c123.o(.text)
    ADC0SS3_Handler                          0x00000351   Thumb Code     2  startup_tm4c123.o(.text)
    WDT0_Handler                             0x00000353   Thumb Code     2  startup_tm4c123.o(.text)
    TIMER0A_Handler                          0x00000355   Thumb Code     2  startup_tm4c123.o(.text)
    TIMER0B_Handler                          0x00000357   Thumb Code     2  startup_tm4c123.o(.text)
    TIMER1A_Handler                          0x00000359   Thumb Code     2  startup_tm4c123.o(.text)
    TIMER1B_Handler                          0x0000035b   Thumb Code     2  startup_tm4c123.o(.text)
    TIMER2A_Handler                          0x0000035d   Thumb Code     2  startup_tm4c123.o(.text)
    TIMER2B_Handler                          0x0000035f   Thumb Code     2  startup_tm4c123.o(.text)
    COMP0_Handler                            0x00000361   Thumb Code     2  startup_tm4c123.o(.text)
    COMP1_Handler                            0x00000363   Thumb Code     2  startup_tm4c123.o(.text)
    COMP2_Handler                            0x00000365   Thumb Code     2  startup_tm4c123.o(.text)
    SYSCTL_Handler                           0x00000367   Thumb Code     2  startup_tm4c123.o(.text)
    FLASH_Handler                            0x00000369   Thumb Code     2  startup_tm4c123.o(.text)
    GPIOF_Handler                            0x0000036b   Thumb Code     2  startup_tm4c123.o(.text)
    GPIOG_Handler                            0x0000036d   Thumb Code     2  startup_tm4c123.o(.text)
    GPIOH_Handler                            0x0000036f   Thumb Code     2  startup_tm4c123.o(.text)
    UART2_Handler                            0x00000371   Thumb Code     2  startup_tm4c123.o(.text)
    SSI1_Handler                             0x00000373   Thumb Code     2  startup_tm4c123.o(.text)
    TIMER3A_Handler                          0x00000375   Thumb Code     2  startup_tm4c123.o(.text)
    TIMER3B_Handler                          0x00000377   Thumb Code     2  startup_tm4c123.o(.text)
    I2C1_Handler                             0x00000379   Thumb Code     2  startup_tm4c123.o(.text)
    QEI1_Handler                             0x0000037b   Thumb Code     2  startup_tm4c123.o(.text)
    CAN0_Handler                             0x0000037d   Thumb Code     2  startup_tm4c123.o(.text)
    CAN1_Handler                             0x0000037f   Thumb Code     2  startup_tm4c123.o(.text)
    CAN2_Handler                             0x00000381   Thumb Code     2  startup_tm4c123.o(.text)
    HIB_Handler                              0x00000383   Thumb Code     2  startup_tm4c123.o(.text)
    USB0_Handler                             0x00000385   Thumb Code     2  startup_tm4c123.o(.text)
    PWM0_3_Handler                           0x00000387   Thumb Code     2  startup_tm4c123.o(.text)
    UDMA_Handler                             0x00000389   Thumb Code     2  startup_tm4c123.o(.text)
    UDMAERR_Handler                          0x0000038b   Thumb Code     2  startup_tm4c123.o(.text)
    ADC1SS0_Handler                          0x0000038d   Thumb Code     2  startup_tm4c123.o(.text)
    ADC1SS1_Handler                          0x0000038f   Thumb Code     2  startup_tm4c123.o(.text)
    ADC1SS2_Handler                          0x00000391   Thumb Code     2  startup_tm4c123.o(.text)
    ADC1SS3_Handler                          0x00000393   Thumb Code     2  startup_tm4c123.o(.text)
    GPIOJ_Handler                            0x00000395   Thumb Code     2  startup_tm4c123.o(.text)
    GPIOK_Handler                            0x00000397   Thumb Code     2  startup_tm4c123.o(.text)
    GPIOL_Handler                            0x00000399   Thumb Code     2  startup_tm4c123.o(.text)
    SSI2_Handler                             0x0000039b   Thumb Code     2  startup_tm4c123.o(.text)
    SSI3_Handler                             0x0000039d   Thumb Code     2  startup_tm4c123.o(.text)
    UART3_Handler                            0x0000039f   Thumb Code     2  startup_tm4c123.o(.text)
    UART4_Handler                            0x000003a1   Thumb Code     2  startup_tm4c123.o(.text)
    UART5_Handler                            0x000003a3   Thumb Code     2  startup_tm4c123.o(.text)
    UART6_Handler                            0x000003a5   Thumb Code     2  startup_tm4c123.o(.text)
    UART7_Handler                            0x000003a7   Thumb Code     2  startup_tm4c123.o(.text)
    I2C2_Handler                             0x000003a9   Thumb Code     2  startup_tm4c123.o(.text)
    I2C3_Handler                             0x000003ab   Thumb Code     2  startup_tm4c123.o(.text)
    TIMER4A_Handler                          0x000003ad   Thumb Code     2  startup_tm4c123.o(.text)
    TIMER4B_Handler                          0x000003af   Thumb Code     2  startup_tm4c123.o(.text)
    TIMER5A_Handler                          0x000003b1   Thumb Code     2  startup_tm4c123.o(.text)
    TIMER5B_Handler                          0x000003b3   Thumb Code     2  startup_tm4c123.o(.text)
    WTIMER0A_Handler                         0x000003b5   Thumb Code     2  startup_tm4c123.o(.text)
    WTIMER0B_Handler                         0x000003b7   Thumb Code     2  startup_tm4c123.o(.text)
    WTIMER1A_Handler                         0x000003b9   Thumb Code     2  startup_tm4c123.o(.text)
    WTIMER1B_Handler                         0x000003bb   Thumb Code     2  startup_tm4c123.o(.text)
    WTIMER2A_Handler                         0x000003bd   Thumb Code     2  startup_tm4c123.o(.text)
    WTIMER2B_Handler                         0x000003bf   Thumb Code     2  startup_tm4c123.o(.text)
    WTIMER3A_Handler                         0x000003c1   Thumb Code     2  startup_tm4c123.o(.text)
    WTIMER3B_Handler                         0x000003c3   Thumb Code     2  startup_tm4c123.o(.text)
    WTIMER4A_Handler                         0x000003c5   Thumb Code     2  startup_tm4c123.o(.text)
    WTIMER4B_Handler                         0x000003c7   Thumb Code     2  startup_tm4c123.o(.text)
    WTIMER5A_Handler                         0x000003c9   Thumb Code     2  startup_tm4c123.o(.text)
    WTIMER5B_Handler                         0x000003cb   Thumb Code     2  startup_tm4c123.o(.text)
    FPU_Handler                              0x000003cd   Thumb Code     2  startup_tm4c123.o(.text)
    I2C4_Handler                             0x000003cf   Thumb Code     2  startup_tm4c123.o(.text)
    I2C5_Handler                             0x000003d1   Thumb Code     2  startup_tm4c123.o(.text)
    GPIOM_Handler                            0x000003d3   Thumb Code     2  startup_tm4c123.o(.text)
    GPION_Handler                            0x000003d5   Thumb Code     2  startup_tm4c123.o(.text)
    QEI2_Handler                             0x000003d7   Thumb Code     2  startup_tm4c123.o(.text)
    GPIOP0_Handler                           0x000003d9   Thumb Code     2  startup_tm4c123.o(.text)
    GPIOP1_Handler                           0x000003db   Thumb Code     2  startup_tm4c123.o(.text)
    GPIOP2_Handler                           0x000003dd   Thumb Code     2  startup_tm4c123.o(.text)
    GPIOP3_Handler                           0x000003df   Thumb Code     2  startup_tm4c123.o(.text)
    GPIOP4_Handler                           0x000003e1   Thumb Code     2  startup_tm4c123.o(.text)
    GPIOP5_Handler                           0x000003e3   Thumb Code     2  startup_tm4c123.o(.text)
    GPIOP6_Handler                           0x000003e5   Thumb Code     2  startup_tm4c123.o(.text)
    GPIOP7_Handler                           0x000003e7   Thumb Code     2  startup_tm4c123.o(.text)
    GPIOQ0_Handler                           0x000003e9   Thumb Code     2  startup_tm4c123.o(.text)
    GPIOQ1_Handler                           0x000003eb   Thumb Code     2  startup_tm4c123.o(.text)
    GPIOQ2_Handler                           0x000003ed   Thumb Code     2  startup_tm4c123.o(.text)
    GPIOQ3_Handler                           0x000003ef   Thumb Code     2  startup_tm4c123.o(.text)
    GPIOQ4_Handler                           0x000003f1   Thumb Code     2  startup_tm4c123.o(.text)
    GPIOQ5_Handler                           0x000003f3   Thumb Code     2  startup_tm4c123.o(.text)
    GPIOQ6_Handler                           0x000003f5   Thumb Code     2  startup_tm4c123.o(.text)
    GPIOQ7_Handler                           0x000003f7   Thumb Code     2  startup_tm4c123.o(.text)
    GPIOR_Handler                            0x000003f9   Thumb Code     2  startup_tm4c123.o(.text)
    GPIOS_Handler                            0x000003fb   Thumb Code     2  startup_tm4c123.o(.text)
    PMW1_0_Handler                           0x000003fd   Thumb Code     2  startup_tm4c123.o(.text)
    PWM1_1_Handler                           0x000003ff   Thumb Code     2  startup_tm4c123.o(.text)
    PWM1_2_Handler                           0x00000401   Thumb Code     2  startup_tm4c123.o(.text)
    PWM1_3_Handler                           0x00000403   Thumb Code     2  startup_tm4c123.o(.text)
    PWM1_FAULT_Handler                       0x00000405   Thumb Code     2  startup_tm4c123.o(.text)
    __user_initial_stackheap                 0x00000409   Thumb Code     0  startup_tm4c123.o(.text)
    __aeabi_memcpy                           0x00000429   Thumb Code     0  rt_memcpy_v6.o(.text)
    __rt_memcpy                              0x00000429   Thumb Code   138  rt_memcpy_v6.o(.text)
    _memcpy_lastbytes                        0x0000048f   Thumb Code     0  rt_memcpy_v6.o(.text)
    __aeabi_memset4                          0x000004b3   Thumb Code    16  aeabi_memset4.o(.text)
    __aeabi_memset8                          0x000004b3   Thumb Code     0  aeabi_memset4.o(.text)
    __use_two_region_memory                  0x000004c3   Thumb Code     2  heapauxi.o(.text)
    __rt_heap_escrow$2region                 0x000004c5   Thumb Code     2  heapauxi.o(.text)
    __rt_heap_expand$2region                 0x000004c7   Thumb Code     2  heapauxi.o(.text)
    __aeabi_memcpy4                          0x000004c9   Thumb Code     0  rt_memcpy_w.o(.text)
    __aeabi_memcpy8                          0x000004c9   Thumb Code     0  rt_memcpy_w.o(.text)
    __rt_memcpy_w                            0x000004c9   Thumb Code   100  rt_memcpy_w.o(.text)
    _memcpy_lastbytes_aligned                0x00000511   Thumb Code     0  rt_memcpy_w.o(.text)
    __aeabi_memclr4                          0x0000052d   Thumb Code     0  rt_memclr_w.o(.text)
    __aeabi_memclr8                          0x0000052d   Thumb Code     0  rt_memclr_w.o(.text)
    __rt_memclr_w                            0x0000052d   Thumb Code    78  rt_memclr_w.o(.text)
    _memset_w                                0x00000531   Thumb Code     0  rt_memclr_w.o(.text)
    __user_setup_stackheap                   0x0000057b   Thumb Code    74  sys_stackheap_outer.o(.text)
    exit                                     0x000005c5   Thumb Code    18  exit.o(.text)
    __user_libspace                          0x000005d9   Thumb Code     8  libspace.o(.text)
    __user_perproc_libspace                  0x000005d9   Thumb Code     0  libspace.o(.text)
    _sys_exit                                0x000005e1   Thumb Code     8  sys_exit.o(.text)
    __I$use$semihosting                      0x000005ed   Thumb Code     0  use_no_semi.o(.text)
    __use_no_semihosting_swi                 0x000005ed   Thumb Code     2  use_no_semi.o(.text)
    __semihosting_library_function           0x000005ef   Thumb Code     0  indicate_semi.o(.text)
    LED1_TASK                                0x000005f1   Thumb Code    16  main.o(.text.LED1_TASK)
    LED2_TASK                                0x00000601   Thumb Code    16  main.o(.text.LED2_TASK)
    LED3_TASK                                0x00000611   Thumb Code    20  main.o(.text.LED3_TASK)
    PendSV_Handler                           0x00000631   Thumb Code   100  port.o(.text.PendSV_Handler)
    SVC_Handler                              0x000006a1   Thumb Code    36  port.o(.text.SVC_Handler)
    SysTick_Handler                          0x000006c5   Thumb Code    28  cmsis_os2.o(.text.SysTick_Handler)
    SystemInit                               0x000006e1   Thumb Code    96  system_tm4c123.o(.text.SystemInit)
    _mutex_acquire                           0x00000741   Thumb Code    26  clib_arm.o(.text._mutex_acquire)
    _mutex_free                              0x0000075d   Thumb Code    40  clib_arm.o(.text._mutex_free)
    _mutex_initialize                        0x00000785   Thumb Code    84  clib_arm.o(.text._mutex_initialize)
    _mutex_release                           0x000007d9   Thumb Code    28  clib_arm.o(.text._mutex_release)
    _platform_post_stackheap_init            0x000007f5   Thumb Code     2  clib_arm.o(.text._platform_post_stackheap_init)
    main                                     0x000007f9   Thumb Code   132  main.o(.text.main)
    pvPortMalloc                             0x00000ee5   Thumb Code    88  heap_1.o(.text.pvPortMalloc)
    pvTaskIncrementMutexHeldCount            0x00000f3d   Thumb Code    24  tasks.o(.text.pvTaskIncrementMutexHeldCount)
    pxPortInitialiseStack                    0x00000f55   Thumb Code    36  port.o(.text.pxPortInitialiseStack)
    uxListRemove                             0x00000f79   Thumb Code    34  list.o(.text.uxListRemove)
    vApplicationGetIdleTaskMemory            0x00000f9d   Thumb Code    24  cmsis_os2.o(.text.vApplicationGetIdleTaskMemory)
    vApplicationGetTimerTaskMemory           0x00000fb5   Thumb Code    24  cmsis_os2.o(.text.vApplicationGetTimerTaskMemory)
    vApplicationStackOverflowHook            0x00000fcd   Thumb Code     2  cmsis_os2.o(.text.vApplicationStackOverflowHook)
    vListInitialise                          0x00000fcf   Thumb Code    22  list.o(.text.vListInitialise)
    vListInitialiseItem                      0x00000fe5   Thumb Code     6  list.o(.text.vListInitialiseItem)
    vListInsert                              0x00000feb   Thumb Code    46  list.o(.text.vListInsert)
    vPortEnterCritical                       0x0000102d   Thumb Code    28  port.o(.text.vPortEnterCritical)
    vPortExitCritical                        0x00001049   Thumb Code    20  port.o(.text.vPortExitCritical)
    vPortFree                                0x0000105d   Thumb Code     2  heap_1.o(.text.vPortFree)
    vPortSetupTimerInterrupt                 0x00001061   Thumb Code    40  port.o(.text.vPortSetupTimerInterrupt)
    vQueueDelete                             0x00001089   Thumb Code    14  queue.o(.text.vQueueDelete)
    vQueueWaitForMessageRestricted           0x00001097   Thumb Code    70  queue.o(.text.vQueueWaitForMessageRestricted)
    vTaskDelay                               0x000010dd   Thumb Code    44  tasks.o(.text.vTaskDelay)
    vTaskInternalSetTimeOutState             0x00001109   Thumb Code    12  tasks.o(.text.vTaskInternalSetTimeOutState)
    vTaskMissedYield                         0x00001115   Thumb Code     8  tasks.o(.text.vTaskMissedYield)
    vTaskPlaceOnEventList                    0x0000111d   Thumb Code    28  tasks.o(.text.vTaskPlaceOnEventList)
    vTaskPlaceOnEventListRestricted          0x00001139   Thumb Code    68  tasks.o(.text.vTaskPlaceOnEventListRestricted)
    vTaskPriorityDisinheritAfterTimeout      0x0000117d   Thumb Code   116  tasks.o(.text.vTaskPriorityDisinheritAfterTimeout)
    vTaskStartScheduler                      0x000011f1   Thumb Code   116  tasks.o(.text.vTaskStartScheduler)
    vTaskSuspendAll                          0x00001265   Thumb Code    12  tasks.o(.text.vTaskSuspendAll)
    vTaskSwitchContext                       0x00001271   Thumb Code   136  tasks.o(.text.vTaskSwitchContext)
    xPortStartScheduler                      0x000012f9   Thumb Code    72  port.o(.text.xPortStartScheduler)
    xPortSysTickHandler                      0x00001341   Thumb Code    44  port.o(.text.xPortSysTickHandler)
    xQueueCreateMutex                        0x0000136d   Thumb Code    22  queue.o(.text.xQueueCreateMutex)
    xQueueCreateMutexStatic                  0x00001383   Thumb Code    26  queue.o(.text.xQueueCreateMutexStatic)
    xQueueGenericCreate                      0x0000139d   Thumb Code    66  queue.o(.text.xQueueGenericCreate)
    xQueueGenericCreateStatic                0x000013df   Thumb Code    42  queue.o(.text.xQueueGenericCreateStatic)
    xQueueGenericReset                       0x00001409   Thumb Code   102  queue.o(.text.xQueueGenericReset)
    xQueueGenericSend                        0x00001471   Thumb Code   248  queue.o(.text.xQueueGenericSend)
    xQueueReceive                            0x00001569   Thumb Code   236  queue.o(.text.xQueueReceive)
    xQueueSemaphoreTake                      0x00001655   Thumb Code   292  queue.o(.text.xQueueSemaphoreTake)
    xTaskCheckForTimeOut                     0x00001779   Thumb Code    72  tasks.o(.text.xTaskCheckForTimeOut)
    xTaskCreate                              0x000017c1   Thumb Code    88  tasks.o(.text.xTaskCreate)
    xTaskCreateStatic                        0x00001819   Thumb Code    52  tasks.o(.text.xTaskCreateStatic)
    xTaskGetSchedulerState                   0x0000184d   Thumb Code    24  tasks.o(.text.xTaskGetSchedulerState)
    xTaskGetTickCount                        0x00001865   Thumb Code     8  tasks.o(.text.xTaskGetTickCount)
    xTaskIncrementTick                       0x0000186d   Thumb Code   212  tasks.o(.text.xTaskIncrementTick)
    xTaskPriorityDisinherit                  0x00001941   Thumb Code   100  tasks.o(.text.xTaskPriorityDisinherit)
    xTaskPriorityInherit                     0x000019a5   Thumb Code   140  tasks.o(.text.xTaskPriorityInherit)
    xTaskRemoveFromEventList                 0x00001a31   Thumb Code   176  tasks.o(.text.xTaskRemoveFromEventList)
    xTaskResumeAll                           0x00001ae1   Thumb Code   212  tasks.o(.text.xTaskResumeAll)
    xTimerCreateTimerTask                    0x00001bb5   Thumb Code    84  timers.o(.text.xTimerCreateTimerTask)
    _fp_init                                 0x00001c09   Thumb Code    26  fpinit.o(x$fpl$fpinit)
    __fplib_config_fpu_vfp                   0x00001c21   Thumb Code     0  fpinit.o(x$fpl$fpinit)
    __fplib_config_pureend_doubles           0x00001c21   Thumb Code     0  fpinit.o(x$fpl$fpinit)
    uxTopUsedPriority                        0x00001c24   Data           4  tasks.o(.rodata.uxTopUsedPriority)
    Region$$Table$$Base                      0x00001c28   Number         0  anon$$obj.o(Region$$Table)
    Region$$Table$$Limit                     0x00001c48   Number         0  anon$$obj.o(Region$$Table)
    SystemCoreClock                          0x20000000   Data           4  system_tm4c123.o(.data.SystemCoreClock)
    __libspace_start                         0x20000008   Data          96  libspace.o(.bss)
    LED1                                     0x20000068   Data           4  main.o(.bss..L_MergedGlobals)
    __temporary_stack_top$libspace           0x20000068   Data           0  libspace.o(.bss)
    LED2                                     0x2000006c   Data           4  main.o(.bss..L_MergedGlobals)
    LED3                                     0x20000070   Data           4  main.o(.bss..L_MergedGlobals)
    pxCurrentTCB                             0x2000007c   Data           4  tasks.o(.bss..L_MergedGlobals)



==============================================================================

Memory Map of the image

  Image Entry point : 0x00000315

  Load Region LR_1 (Base: 0x00000000, Size: 0x00001c50, Max: 0xffffffff, ABSOLUTE)

    Execution Region ER_RO (Exec base: 0x00000000, Load base: 0x00000000, Size: 0x00001c48, Max: 0xffffffff, ABSOLUTE)

    Exec Addr    Load Addr    Size         Type   Attr      Idx    E Section Name        Object

    0x00000000   0x00000000   0x0000026c   Data   RO          246    RESET               startup_tm4c123.o
    0x0000026c   0x0000026c   0x00000008   Code   RO          660  * !!!main             c_w.l(__main.o)
    0x00000274   0x00000274   0x00000034   Code   RO          825    !!!scatter          c_w.l(__scatter.o)
    0x000002a8   0x000002a8   0x0000001a   Code   RO          827    !!handler_copy      c_w.l(__scatter_copy.o)
    0x000002c2   0x000002c2   0x00000002   PAD
    0x000002c4   0x000002c4   0x0000001c   Code   RO          829    !!handler_zi        c_w.l(__scatter_zi.o)
    0x000002e0   0x000002e0   0x00000002   Code   RO          689    .ARM.Collect$$libinit$$00000000  c_w.l(libinit.o)
    0x000002e2   0x000002e2   0x00000004   Code   RO          695    .ARM.Collect$$libinit$$00000001  c_w.l(libinit2.o)
    0x000002e6   0x000002e6   0x00000000   Code   RO          698    .ARM.Collect$$libinit$$00000004  c_w.l(libinit2.o)
    0x000002e6   0x000002e6   0x00000000   Code   RO          701    .ARM.Collect$$libinit$$0000000A  c_w.l(libinit2.o)
    0x000002e6   0x000002e6   0x00000000   Code   RO          703    .ARM.Collect$$libinit$$0000000C  c_w.l(libinit2.o)
    0x000002e6   0x000002e6   0x00000000   Code   RO          705    .ARM.Collect$$libinit$$0000000E  c_w.l(libinit2.o)
    0x000002e6   0x000002e6   0x00000000   Code   RO          708    .ARM.Collect$$libinit$$00000011  c_w.l(libinit2.o)
    0x000002e6   0x000002e6   0x00000000   Code   RO          710    .ARM.Collect$$libinit$$00000013  c_w.l(libinit2.o)
    0x000002e6   0x000002e6   0x00000000   Code   RO          712    .ARM.Collect$$libinit$$00000015  c_w.l(libinit2.o)
    0x000002e6   0x000002e6   0x00000000   Code   RO          714    .ARM.Collect$$libinit$$00000017  c_w.l(libinit2.o)
    0x000002e6   0x000002e6   0x00000000   Code   RO          716    .ARM.Collect$$libinit$$00000019  c_w.l(libinit2.o)
    0x000002e6   0x000002e6   0x00000000   Code   RO          718    .ARM.Collect$$libinit$$0000001B  c_w.l(libinit2.o)
    0x000002e6   0x000002e6   0x00000000   Code   RO          720    .ARM.Collect$$libinit$$0000001D  c_w.l(libinit2.o)
    0x000002e6   0x000002e6   0x00000000   Code   RO          722    .ARM.Collect$$libinit$$0000001F  c_w.l(libinit2.o)
    0x000002e6   0x000002e6   0x00000000   Code   RO          724    .ARM.Collect$$libinit$$00000021  c_w.l(libinit2.o)
    0x000002e6   0x000002e6   0x00000000   Code   RO          726    .ARM.Collect$$libinit$$00000023  c_w.l(libinit2.o)
    0x000002e6   0x000002e6   0x00000000   Code   RO          728    .ARM.Collect$$libinit$$00000025  c_w.l(libinit2.o)
    0x000002e6   0x000002e6   0x00000000   Code   RO          732    .ARM.Collect$$libinit$$0000002C  c_w.l(libinit2.o)
    0x000002e6   0x000002e6   0x00000000   Code   RO          734    .ARM.Collect$$libinit$$0000002E  c_w.l(libinit2.o)
    0x000002e6   0x000002e6   0x00000000   Code   RO          736    .ARM.Collect$$libinit$$00000030  c_w.l(libinit2.o)
    0x000002e6   0x000002e6   0x00000000   Code   RO          738    .ARM.Collect$$libinit$$00000032  c_w.l(libinit2.o)
    0x000002e6   0x000002e6   0x00000002   Code   RO          739    .ARM.Collect$$libinit$$00000033  c_w.l(libinit2.o)
    0x000002e8   0x000002e8   0x00000002   Code   RO          761    .ARM.Collect$$libshutdown$$00000000  c_w.l(libshutdown.o)
    0x000002ea   0x000002ea   0x00000000   Code   RO          776    .ARM.Collect$$libshutdown$$00000002  c_w.l(libshutdown2.o)
    0x000002ea   0x000002ea   0x00000000   Code   RO          778    .ARM.Collect$$libshutdown$$00000004  c_w.l(libshutdown2.o)
    0x000002ea   0x000002ea   0x00000000   Code   RO          781    .ARM.Collect$$libshutdown$$00000007  c_w.l(libshutdown2.o)
    0x000002ea   0x000002ea   0x00000000   Code   RO          784    .ARM.Collect$$libshutdown$$0000000A  c_w.l(libshutdown2.o)
    0x000002ea   0x000002ea   0x00000000   Code   RO          786    .ARM.Collect$$libshutdown$$0000000C  c_w.l(libshutdown2.o)
    0x000002ea   0x000002ea   0x00000000   Code   RO          789    .ARM.Collect$$libshutdown$$0000000F  c_w.l(libshutdown2.o)
    0x000002ea   0x000002ea   0x00000002   Code   RO          790    .ARM.Collect$$libshutdown$$00000010  c_w.l(libshutdown2.o)
    0x000002ec   0x000002ec   0x00000000   Code   RO          662    .ARM.Collect$$rtentry$$00000000  c_w.l(__rtentry.o)
    0x000002ec   0x000002ec   0x00000000   Code   RO          668    .ARM.Collect$$rtentry$$00000002  c_w.l(__rtentry2.o)
    0x000002ec   0x000002ec   0x00000006   Code   RO          680    .ARM.Collect$$rtentry$$00000004  c_w.l(__rtentry4.o)
    0x000002f2   0x000002f2   0x00000008   Code   RO          669    .ARM.Collect$$rtentry$$00000008  c_w.l(__rtentry2.o)
    0x000002fa   0x000002fa   0x00000004   Code   RO          671    .ARM.Collect$$rtentry$$0000000A  c_w.l(__rtentry2.o)
    0x000002fe   0x000002fe   0x00000000   Code   RO          673    .ARM.Collect$$rtentry$$0000000C  c_w.l(__rtentry2.o)
    0x000002fe   0x000002fe   0x00000008   Code   RO          674    .ARM.Collect$$rtentry$$0000000D  c_w.l(__rtentry2.o)
    0x00000306   0x00000306   0x00000002   Code   RO          693    .ARM.Collect$$rtexit$$00000000  c_w.l(rtexit.o)
    0x00000308   0x00000308   0x00000000   Code   RO          741    .ARM.Collect$$rtexit$$00000002  c_w.l(rtexit2.o)
    0x00000308   0x00000308   0x00000004   Code   RO          742    .ARM.Collect$$rtexit$$00000003  c_w.l(rtexit2.o)
    0x0000030c   0x0000030c   0x00000006   Code   RO          743    .ARM.Collect$$rtexit$$00000004  c_w.l(rtexit2.o)
    0x00000312   0x00000312   0x00000002   PAD
    0x00000314   0x00000314   0x00000114   Code   RO          247  * .text               startup_tm4c123.o
    0x00000428   0x00000428   0x0000008a   Code   RO          654    .text               c_w.l(rt_memcpy_v6.o)
    0x000004b2   0x000004b2   0x00000010   Code   RO          656    .text               c_w.l(aeabi_memset4.o)
    0x000004c2   0x000004c2   0x00000006   Code   RO          658    .text               c_w.l(heapauxi.o)
    0x000004c8   0x000004c8   0x00000064   Code   RO          663    .text               c_w.l(rt_memcpy_w.o)
    0x0000052c   0x0000052c   0x0000004e   Code   RO          665    .text               c_w.l(rt_memclr_w.o)
    0x0000057a   0x0000057a   0x0000004a   Code   RO          682    .text               c_w.l(sys_stackheap_outer.o)
    0x000005c4   0x000005c4   0x00000012   Code   RO          684    .text               c_w.l(exit.o)
    0x000005d6   0x000005d6   0x00000002   PAD
    0x000005d8   0x000005d8   0x00000008   Code   RO          690    .text               c_w.l(libspace.o)
    0x000005e0   0x000005e0   0x0000000c   Code   RO          751    .text               c_w.l(sys_exit.o)
    0x000005ec   0x000005ec   0x00000002   Code   RO          766    .text               c_w.l(use_no_semi.o)
    0x000005ee   0x000005ee   0x00000000   Code   RO          768    .text               c_w.l(indicate_semi.o)
    0x000005ee   0x000005ee   0x00000002   PAD
    0x000005f0   0x000005f0   0x00000010   Code   RO            2    .text.LED1_TASK     main.o
    0x00000600   0x00000600   0x00000010   Code   RO            4    .text.LED2_TASK     main.o
    0x00000610   0x00000610   0x00000014   Code   RO            6    .text.LED3_TASK     main.o
    0x00000624   0x00000624   0x0000000c   PAD
    0x00000630   0x00000630   0x00000064   Code   RO          639    .text.PendSV_Handler  port.o
    0x00000694   0x00000694   0x0000000c   PAD
    0x000006a0   0x000006a0   0x00000024   Code   RO          623    .text.SVC_Handler   port.o
    0x000006c4   0x000006c4   0x0000001c   Code   RO           47    .text.SysTick_Handler  cmsis_os2.o
    0x000006e0   0x000006e0   0x00000060   Code   RO          258    .text.SystemInit    system_tm4c123.o
    0x00000740   0x00000740   0x0000001a   Code   RO           28    .text._mutex_acquire  clib_arm.o
    0x0000075a   0x0000075a   0x00000002   PAD
    0x0000075c   0x0000075c   0x00000028   Code   RO           32    .text._mutex_free   clib_arm.o
    0x00000784   0x00000784   0x00000054   Code   RO           26    .text._mutex_initialize  clib_arm.o
    0x000007d8   0x000007d8   0x0000001c   Code   RO           30    .text._mutex_release  clib_arm.o
    0x000007f4   0x000007f4   0x00000002   Code   RO           20    .text._platform_post_stackheap_init  clib_arm.o
    0x000007f6   0x000007f6   0x00000002   PAD
    0x000007f8   0x000007f8   0x00000084   Code   RO            8    .text.main          main.o
    0x0000087c   0x0000087c   0x00000010   Code   RO           24    .text.os_kernel_is_active  clib_arm.o
    0x0000088c   0x0000088c   0x00000070   Code   RO          444    .text.prvAddCurrentTaskToDelayedList  tasks.o
    0x000008fc   0x000008fc   0x000000c0   Code   RO          430    .text.prvAddNewTaskToReadyList  tasks.o
    0x000009bc   0x000009bc   0x00000048   Code   RO          561    .text.prvCheckForValidListAndQueue  timers.o
    0x00000a04   0x00000a04   0x00000024   Code   RO          387    .text.prvCopyDataFromQueue  queue.o
    0x00000a28   0x00000a28   0x0000006e   Code   RO          377    .text.prvCopyDataToQueue  queue.o
    0x00000a96   0x00000a96   0x00000020   Code   RO          438    .text.prvDeleteTCB  tasks.o
    0x00000ab6   0x00000ab6   0x00000002   PAD
    0x00000ab8   0x00000ab8   0x00000044   Code   RO          470    .text.prvIdleTask   tasks.o
    0x00000afc   0x00000afc   0x00000016   Code   RO          357    .text.prvInitialiseMutex  queue.o
    0x00000b12   0x00000b12   0x00000020   Code   RO          351    .text.prvInitialiseNewQueue  queue.o
    0x00000b32   0x00000b32   0x00000094   Code   RO          428    .text.prvInitialiseNewTask  tasks.o
    0x00000bc6   0x00000bc6   0x00000002   PAD
    0x00000bc8   0x00000bc8   0x00000038   Code   RO          605    .text.prvInsertTimerInActiveList  timers.o
    0x00000c00   0x00000c00   0x00000018   Code   RO          389    .text.prvIsQueueEmpty  queue.o
    0x00000c18   0x00000c18   0x00000028   Code   RO          631    .text.prvPortStartFirstTask  port.o
    0x00000c40   0x00000c40   0x0000003c   Code   RO          601    .text.prvProcessExpiredTimer  timers.o
    0x00000c7c   0x00000c7c   0x00000026   Code   RO          603    .text.prvReloadTimer  timers.o
    0x00000ca2   0x00000ca2   0x00000002   PAD
    0x00000ca4   0x00000ca4   0x0000001c   Code   RO          436    .text.prvResetNextTaskUnblockTime  tasks.o
    0x00000cc0   0x00000cc0   0x00000040   Code   RO          599    .text.prvSampleTimeNow  timers.o
    0x00000d00   0x00000d00   0x00000020   Code   RO          621    .text.prvTaskExitError  port.o
    0x00000d20   0x00000d20   0x0000015c   Code   RO          563    .text.prvTimerTask  timers.o
    0x00000e7c   0x00000e7c   0x00000068   Code   RO          379    .text.prvUnlockQueue  queue.o
    0x00000ee4   0x00000ee4   0x00000058   Code   RO          328    .text.pvPortMalloc  heap_1.o
    0x00000f3c   0x00000f3c   0x00000018   Code   RO          530    .text.pvTaskIncrementMutexHeldCount  tasks.o
    0x00000f54   0x00000f54   0x00000024   Code   RO          619    .text.pxPortInitialiseStack  port.o
    0x00000f78   0x00000f78   0x00000022   Code   RO          317    .text.uxListRemove  list.o
    0x00000f9a   0x00000f9a   0x00000002   PAD
    0x00000f9c   0x00000f9c   0x00000018   Code   RO          199    .text.vApplicationGetIdleTaskMemory  cmsis_os2.o
    0x00000fb4   0x00000fb4   0x00000018   Code   RO          201    .text.vApplicationGetTimerTaskMemory  cmsis_os2.o
    0x00000fcc   0x00000fcc   0x00000002   Code   RO          197    .text.vApplicationStackOverflowHook  cmsis_os2.o
    0x00000fce   0x00000fce   0x00000016   Code   RO          309    .text.vListInitialise  list.o
    0x00000fe4   0x00000fe4   0x00000006   Code   RO          311    .text.vListInitialiseItem  list.o
    0x00000fea   0x00000fea   0x0000002e   Code   RO          315    .text.vListInsert   list.o
    0x00001018   0x00001018   0x00000014   Code   RO          629    .text.vPortEnableVFP  port.o
    0x0000102c   0x0000102c   0x0000001c   Code   RO          635    .text.vPortEnterCritical  port.o
    0x00001048   0x00001048   0x00000014   Code   RO          637    .text.vPortExitCritical  port.o
    0x0000105c   0x0000105c   0x00000002   Code   RO          330    .text.vPortFree     heap_1.o
    0x0000105e   0x0000105e   0x00000002   PAD
    0x00001060   0x00001060   0x00000028   Code   RO          627    .text.vPortSetupTimerInterrupt  port.o
    0x00001088   0x00001088   0x0000000e   Code   RO          403    .text.vQueueDelete  queue.o
    0x00001096   0x00001096   0x00000046   Code   RO          415    .text.vQueueWaitForMessageRestricted  queue.o
    0x000010dc   0x000010dc   0x0000002c   Code   RO          448    .text.vTaskDelay    tasks.o
    0x00001108   0x00001108   0x0000000c   Code   RO          502    .text.vTaskInternalSetTimeOutState  tasks.o
    0x00001114   0x00001114   0x00000008   Code   RO          506    .text.vTaskMissedYield  tasks.o
    0x0000111c   0x0000111c   0x0000001c   Code   RO          490    .text.vTaskPlaceOnEventList  tasks.o
    0x00001138   0x00001138   0x00000044   Code   RO          494    .text.vTaskPlaceOnEventListRestricted  tasks.o
    0x0000117c   0x0000117c   0x00000074   Code   RO          526    .text.vTaskPriorityDisinheritAfterTimeout  tasks.o
    0x000011f0   0x000011f0   0x00000074   Code   RO          468    .text.vTaskStartScheduler  tasks.o
    0x00001264   0x00001264   0x0000000c   Code   RO          442    .text.vTaskSuspendAll  tasks.o
    0x00001270   0x00001270   0x00000088   Code   RO          460    .text.vTaskSwitchContext  tasks.o
    0x000012f8   0x000012f8   0x00000048   Code   RO          625    .text.xPortStartScheduler  port.o
    0x00001340   0x00001340   0x0000002c   Code   RO          641    .text.xPortSysTickHandler  port.o
    0x0000136c   0x0000136c   0x00000016   Code   RO          355    .text.xQueueCreateMutex  queue.o
    0x00001382   0x00001382   0x0000001a   Code   RO          359    .text.xQueueCreateMutexStatic  queue.o
    0x0000139c   0x0000139c   0x00000042   Code   RO          353    .text.xQueueGenericCreate  queue.o
    0x000013de   0x000013de   0x0000002a   Code   RO          349    .text.xQueueGenericCreateStatic  queue.o
    0x00001408   0x00001408   0x00000066   Code   RO          347    .text.xQueueGenericReset  queue.o
    0x0000146e   0x0000146e   0x00000002   PAD
    0x00001470   0x00001470   0x000000f8   Code   RO          367    .text.xQueueGenericSend  queue.o
    0x00001568   0x00001568   0x000000ec   Code   RO          385    .text.xQueueReceive  queue.o
    0x00001654   0x00001654   0x00000124   Code   RO          371    .text.xQueueSemaphoreTake  queue.o
    0x00001778   0x00001778   0x00000048   Code   RO          504    .text.xTaskCheckForTimeOut  tasks.o
    0x000017c0   0x000017c0   0x00000058   Code   RO          432    .text.xTaskCreate   tasks.o
    0x00001818   0x00001818   0x00000034   Code   RO          426    .text.xTaskCreateStatic  tasks.o
    0x0000184c   0x0000184c   0x00000018   Code   RO          520    .text.xTaskGetSchedulerState  tasks.o
    0x00001864   0x00001864   0x00000008   Code   RO          476    .text.xTaskGetTickCount  tasks.o
    0x0000186c   0x0000186c   0x000000d4   Code   RO          474    .text.xTaskIncrementTick  tasks.o
    0x00001940   0x00001940   0x00000064   Code   RO          524    .text.xTaskPriorityDisinherit  tasks.o
    0x000019a4   0x000019a4   0x0000008c   Code   RO          522    .text.xTaskPriorityInherit  tasks.o
    0x00001a30   0x00001a30   0x000000b0   Code   RO          496    .text.xTaskRemoveFromEventList  tasks.o
    0x00001ae0   0x00001ae0   0x000000d4   Code   RO          446    .text.xTaskResumeAll  tasks.o
    0x00001bb4   0x00001bb4   0x00000054   Code   RO          559    .text.xTimerCreateTimerTask  timers.o
    0x00001c08   0x00001c08   0x0000001a   Code   RO          749    x$fpl$fpinit        fz_wm.l(fpinit.o)
    0x00001c22   0x00001c22   0x00000002   PAD
    0x00001c24   0x00001c24   0x00000004   Data   RO          546    .rodata.uxTopUsedPriority  tasks.o
    0x00001c28   0x00001c28   0x00000020   Data   RO          824    Region$$Table       anon$$obj.o


    Execution Region ER_RW (Exec base: 0x20000000, Load base: 0x00001c48, Size: 0x00000008, Max: 0xffffffff, ABSOLUTE)

    Exec Addr    Load Addr    Size         Type   Attr      Idx    E Section Name        Object

    0x20000000   0x00001c48   0x00000004   Data   RW          260    .data.SystemCoreClock  system_tm4c123.o
    0x20000004   0x00001c4c   0x00000004   Data   RW          643    .data.uxCriticalNesting  port.o


    Execution Region ER_ZI (Exec base: 0x20000008, Load base: 0x00001c50, Size: 0x00002df0, Max: 0xffffffff, ABSOLUTE)

    Exec Addr    Load Addr    Size         Type   Attr      Idx    E Section Name        Object

    0x20000008        -       0x00000060   Zero   RW          691    .bss                c_w.l(libspace.o)
    0x20000068        -       0x0000000c   Zero   RW           11    .bss..L_MergedGlobals  main.o
    0x20000074        -       0x00000008   Zero   RW          337    .bss..L_MergedGlobals  heap_1.o
    0x2000007c        -       0x00000078   Zero   RW          548    .bss..L_MergedGlobals  tasks.o
    0x200000f4        -       0x0000003c   Zero   RW          609    .bss..L_MergedGlobals  timers.o
    0x20000130        -       0x00000028   Zero   RW          549    .bss..L_MergedGlobals.1  tasks.o
    0x20000158        -       0x00000190   Zero   RW           37    .bss.clib_mutex_cb  clib_arm.o
    0x200002e8        -       0x00000014   Zero   RW           36    .bss.clib_mutex_id  clib_arm.o
    0x200002fc        -       0x00000050   Zero   RW          608    .bss.prvCheckForValidListAndQueue.ucStaticTimerQueueStorage  timers.o
    0x2000034c        -       0x00000050   Zero   RW          607    .bss.prvCheckForValidListAndQueue.xStaticTimerQueue  timers.o
    0x2000039c        -       0x00000460   Zero   RW          547    .bss.pxReadyTasksLists  tasks.o
    0x200007fc        -       0x00002000   Zero   RW          336    .bss.ucHeap         heap_1.o
    0x200027fc        -       0x00000200   Zero   RW          205    .bss.vApplicationGetIdleTaskMemory.Idle_Stack  cmsis_os2.o
    0x200029fc        -       0x0000005c   Zero   RW          204    .bss.vApplicationGetIdleTaskMemory.Idle_TCB  cmsis_os2.o
    0x20002a58        -       0x00000140   Zero   RW          207    .bss.vApplicationGetTimerTaskMemory.Timer_Stack  cmsis_os2.o
    0x20002b98        -       0x0000005c   Zero   RW          206    .bss.vApplicationGetTimerTaskMemory.Timer_TCB  cmsis_os2.o
    0x20002bf4   0x00001c50   0x00000004   PAD
    0x20002bf8        -       0x00000000   Zero   RW          245    HEAP                startup_tm4c123.o
    0x20002bf8        -       0x00000200   Zero   RW          244    STACK               startup_tm4c123.o


==============================================================================

Image component sizes


      Code (inc. data)   RO Data    RW Data    ZI Data      Debug   Object Name

       196          8          0          0        420       3344   clib_arm.o
        78         20          0          0       1016      37606   cmsis_os2.o
        90          8          0          0       8200       1527   heap_1.o
       108          0          0          0          0       2254   list.o
       184         56          0          0         12       6082   main.o
       468         40          0          4          0       2943   port.o
      1446          8          0          0          0      16528   queue.o
       276         24        620          0        512       5472   startup_tm4c123.o
        96         28          0          4          0       6418   system_tm4c123.o
      2228         64          4          0       1280      27479   tasks.o
       722         46          0          0        220      11992   timers.o

    ----------------------------------------------------------------------
      5932        326        656          8      11664     121645   Object Totals
         0          0         32          0          0          0   (incl. Generated)
        40         24          0          0          4          0   (incl. Padding)

    ----------------------------------------------------------------------

      Code (inc. data)   RO Data    RW Data    ZI Data      Debug   Library Member Name

         8          0          0          0          0         68   __main.o
         0          0          0          0          0          0   __rtentry.o
        20          0          0          0          0          0   __rtentry2.o
         6          0          0          0          0          0   __rtentry4.o
        52          8          0          0          0          0   __scatter.o
        26          0          0          0          0          0   __scatter_copy.o
        28          0          0          0          0          0   __scatter_zi.o
        16          0          0          0          0         68   aeabi_memset4.o
        18          0          0          0          0         80   exit.o
         6          0          0          0          0        152   heapauxi.o
         0          0          0          0          0          0   indicate_semi.o
         2          0          0          0          0          0   libinit.o
         6          0          0          0          0          0   libinit2.o
         2          0          0          0          0          0   libshutdown.o
         2          0          0          0          0          0   libshutdown2.o
         8          4          0          0         96         68   libspace.o
        78          0          0          0          0         80   rt_memclr_w.o
       138          0          0          0          0         68   rt_memcpy_v6.o
       100          0          0          0          0         80   rt_memcpy_w.o
         2          0          0          0          0          0   rtexit.o
        10          0          0          0          0          0   rtexit2.o
        12          4          0          0          0         68   sys_exit.o
        74          0          0          0          0         80   sys_stackheap_outer.o
         2          0          0          0          0         68   use_no_semi.o
        26          0          0          0          0        116   fpinit.o

    ----------------------------------------------------------------------
       652         16          0          0         96        996   Library Totals
        10          0          0          0          0          0   (incl. Padding)

    ----------------------------------------------------------------------

      Code (inc. data)   RO Data    RW Data    ZI Data      Debug   Library Name

       616         16          0          0         96        880   c_w.l
        26          0          0          0          0        116   fz_wm.l

    ----------------------------------------------------------------------
       652         16          0          0         96        996   Library Totals

    ----------------------------------------------------------------------

==============================================================================


      Code (inc. data)   RO Data    RW Data    ZI Data      Debug   

      6584        342        656          8      11760     122133   Grand Totals
      6584        342        656          8      11760     122133   ELF Image Totals
      6584        342        656          8          0          0   ROM Totals

==============================================================================

    Total RO  Size (Code + RO Data)                 7240 (   7.07kB)
    Total RW  Size (RW Data + ZI Data)             11768 (  11.49kB)
    Total ROM Size (Code + RO Data + RW Data)       7248 (   7.08kB)

==============================================================================

